Component: ARM Compiler 5.06 update 7 (build 960) Tool: armlink [4d3601]

==============================================================================

Section Cross References

    main.o(i.DMA1_Channel1_IRQHandler) refers to stm32f10x_dma.o(i.DMA_GetITStatus) for DMA_GetITStatus
    main.o(i.DMA1_Channel1_IRQHandler) refers to stm32f10x_dma.o(i.DMA_Cmd) for DMA_Cmd
    main.o(i.DMA1_Channel1_IRQHandler) refers to stm32f10x_dma.o(i.DMA_ClearITPendingBit) for DMA_ClearITPendingBit
    main.o(i.DMA1_Channel1_IRQHandler) refers to main.o(.data) for currentadc
    main.o(i.DMA1_Channel1_IRQHandler) refers to main.o(.bss) for adcx
    main.o(i.EXTI0_IRQHandler) refers to delay.o(i.delay_ms) for delay_ms
    main.o(i.EXTI0_IRQHandler) refers to stm32f10x_gpio.o(i.GPIO_ReadInputDataBit) for GPIO_ReadInputDataBit
    main.o(i.EXTI0_IRQHandler) refers to lcd.o(i.LCD_ShowString) for LCD_ShowString
    main.o(i.EXTI0_IRQHandler) refers to usart.o(i.Serial_Printf) for Serial_Printf
    main.o(i.EXTI0_IRQHandler) refers to stm32f10x_exti.o(i.EXTI_ClearITPendingBit) for EXTI_ClearITPendingBit
    main.o(i.EXTI0_IRQHandler) refers to main.o(.data) for show_flag
    main.o(i.EXTI0_IRQHandler) refers to lcd.o(.data) for POINT_COLOR
    main.o(i.EXTI3_IRQHandler) refers to delay.o(i.delay_ms) for delay_ms
    main.o(i.EXTI3_IRQHandler) refers to stm32f10x_gpio.o(i.GPIO_ReadInputDataBit) for GPIO_ReadInputDataBit
    main.o(i.EXTI3_IRQHandler) refers to stm32f10x_tim.o(i.TIM_PrescalerConfig) for TIM_PrescalerConfig
    main.o(i.EXTI3_IRQHandler) refers to stm32f10x_exti.o(i.EXTI_ClearITPendingBit) for EXTI_ClearITPendingBit
    main.o(i.EXTI3_IRQHandler) refers to main.o(.data) for pre
    main.o(i.EXTI4_IRQHandler) refers to delay.o(i.delay_ms) for delay_ms
    main.o(i.EXTI4_IRQHandler) refers to stm32f10x_gpio.o(i.GPIO_ReadInputDataBit) for GPIO_ReadInputDataBit
    main.o(i.EXTI4_IRQHandler) refers to stm32f10x_tim.o(i.TIM_PrescalerConfig) for TIM_PrescalerConfig
    main.o(i.EXTI4_IRQHandler) refers to stm32f10x_exti.o(i.EXTI_ClearITPendingBit) for EXTI_ClearITPendingBit
    main.o(i.EXTI4_IRQHandler) refers to main.o(.data) for pre
    main.o(i.GetPowerMag) refers to cr4_fft_1024_stm32.o(.text) for cr4_fft_1024_stm32
    main.o(i.GetPowerMag) refers to fflt_clz.o(x$fpl$fflt) for __aeabi_i2f
    main.o(i.GetPowerMag) refers to fmul.o(x$fpl$fmul) for __aeabi_fmul
    main.o(i.GetPowerMag) refers to faddsub_clz.o(x$fpl$fadd) for __aeabi_fadd
    main.o(i.GetPowerMag) refers to f2d.o(x$fpl$f2d) for __aeabi_f2d
    main.o(i.GetPowerMag) refers to sqrt.o(i.sqrt) for sqrt
    main.o(i.GetPowerMag) refers to d2f.o(x$fpl$d2f) for __aeabi_d2f
    main.o(i.GetPowerMag) refers to ffixu.o(x$fpl$ffixu) for __aeabi_f2uiz
    main.o(i.GetPowerMag) refers to frleqf.o(x$fpl$frleqf) for __aeabi_cfrcmple
    main.o(i.GetPowerMag) refers to dflt_clz.o(x$fpl$dfltu) for __aeabi_ui2d
    main.o(i.GetPowerMag) refers to ddiv.o(x$fpl$ddiv) for __aeabi_ddiv
    main.o(i.GetPowerMag) refers to dfixu.o(x$fpl$dfixu) for __aeabi_d2uiz
    main.o(i.GetPowerMag) refers to lcd.o(i.LCD_ShowNum) for LCD_ShowNum
    main.o(i.GetPowerMag) refers to main.o(.bss) for fftin
    main.o(i.GetPowerMag) refers to main.o(.data) for temp
    main.o(i.InitBufInArray) refers to dflt_clz.o(x$fpl$dfltu) for __aeabi_ui2d
    main.o(i.InitBufInArray) refers to dmul.o(x$fpl$dmul) for __aeabi_dmul
    main.o(i.InitBufInArray) refers to ddiv.o(x$fpl$ddiv) for __aeabi_ddiv
    main.o(i.InitBufInArray) refers to sin.o(i.sin) for sin
    main.o(i.InitBufInArray) refers to d2f.o(x$fpl$d2f) for __aeabi_d2f
    main.o(i.InitBufInArray) refers to fmul.o(x$fpl$fmul) for __aeabi_fmul
    main.o(i.InitBufInArray) refers to faddsub_clz.o(x$fpl$fadd) for __aeabi_fadd
    main.o(i.InitBufInArray) refers to ffixu.o(x$fpl$ffixu) for __aeabi_f2uiz
    main.o(i.InitBufInArray) refers to main.o(.bss) for magout
    main.o(i.TIM3_IRQHandler) refers to stm32f10x_tim.o(i.TIM_GetITStatus) for TIM_GetITStatus
    main.o(i.TIM3_IRQHandler) refers to main.o(i.sinout) for sinout
    main.o(i.TIM3_IRQHandler) refers to stm32f10x_tim.o(i.TIM_ClearITPendingBit) for TIM_ClearITPendingBit
    main.o(i.clear_point) refers to lcd.o(i.LCD_ShowNum) for LCD_ShowNum
    main.o(i.clear_point) refers to ic.o(i.IC_GetFreq) for IC_GetFreq
    main.o(i.clear_point) refers to ic.o(i.IC_GetDuty) for IC_GetDuty
    main.o(i.clear_point) refers to main.o(i.lcd_huaxian) for lcd_huaxian
    main.o(i.clear_point) refers to main.o(i.lcd_huadian) for lcd_huadian
    main.o(i.clear_point) refers to dflt_clz.o(x$fpl$dfltu) for __aeabi_ui2d
    main.o(i.clear_point) refers to ddiv.o(x$fpl$ddiv) for __aeabi_ddiv
    main.o(i.clear_point) refers to dmul.o(x$fpl$dmul) for __aeabi_dmul
    main.o(i.clear_point) refers to daddsub_clz.o(x$fpl$dadd) for __aeabi_dadd
    main.o(i.clear_point) refers to dfixu.o(x$fpl$dfixu) for __aeabi_d2uiz
    main.o(i.clear_point) refers to lcd.o(.data) for POINT_COLOR
[...]
    _get_lc_time                              - Undefined Weak Reference
    _getenv_init                              - Undefined Weak Reference
    _handle_redirection                       - Undefined Weak Reference
    _init_alloc                               - Undefined Weak Reference
    _init_user_alloc                          - Undefined Weak Reference
    _initio                                   - Undefined Weak Reference
    _mutex_acquire                            - Undefined Weak Reference
    _mutex_release                            - Undefined Weak Reference
    _printf_fp_hex                            - Undefined Weak Reference
    _printf_mbtowc                            - Undefined Weak Reference
    _printf_wc                                - Undefined Weak Reference
    _rand_init                                - Undefined Weak Reference
    _signal_finish                            - Undefined Weak Reference
    _signal_init                              - Undefined Weak Reference
    _terminate_alloc                          - Undefined Weak Reference
    _terminate_user_alloc                     - Undefined Weak Reference
    _terminateio                              - Undefined Weak Reference
    __Vectors_Size                           0x00000130   Number         0  startup_stm32f10x_hd.o ABSOLUTE
    __Vectors                                0x08000000   Data           4  startup_stm32f10x_hd.o(RESET)
    __Vectors_End                            0x08000130   Data           0  startup_stm32f10x_hd.o(RESET)
    __main                                   0x08000131   Thumb Code     8  __main.o(!!!main)
    __scatterload                            0x08000139   Thumb Code     0  __scatter.o(!!!scatter)
    __scatterload_rt2                        0x08000139   Thumb Code    44  __scatter.o(!!!scatter)
    __scatterload_rt2_thumb_only             0x08000139   Thumb Code     0  __scatter.o(!!!scatter)
    __scatterload_null                       0x08000147   Thumb Code     0  __scatter.o(!!!scatter)
    __decompress                             0x0800016d   Thumb Code   100  __dclz77c.o(!!dclz77c)
    __decompress2                            0x0800016d   Thumb Code     0  __dclz77c.o(!!dclz77c)
    __scatterload_zeroinit                   0x080001d1   Thumb Code    28  __scatter_zi.o(!!handler_zi)
    _printf_n                                0x080001ed   Thumb Code     0  _printf_n.o(.ARM.Collect$$_printf_percent$$00000001)
    _printf_percent                          0x080001ed   Thumb Code     0  _printf_percent.o(.ARM.Collect$$_printf_percent$$00000000)
    _printf_p                                0x080001f3   Thumb Code     0  _printf_p.o(.ARM.Collect$$_printf_percent$$00000002)
    _printf_f                                0x080001f9   Thumb Code     0  _printf_f.o(.ARM.Collect$$_printf_percent$$00000003)
    _printf_e                                0x080001ff   Thumb Code     0  _printf_e.o(.ARM.Collect$$_printf_percent$$00000004)
    _printf_g                                0x08000205   Thumb Code     0  _printf_g.o(.ARM.Collect$$_printf_percent$$00000005)
    _printf_a                                0x0800020b   Thumb Code     0  _printf_a.o(.ARM.Collect$$_printf_percent$$00000006)
    _printf_ll                               0x08000211   Thumb Code     0  _printf_ll.o(.ARM.Collect$$_printf_percent$$00000007)
    _printf_i                                0x0800021b   Thumb Code     0  _printf_i.o(.ARM.Collect$$_printf_percent$$00000008)
    _printf_d                                0x08000221   Thumb Code     0  _printf_d.o(.ARM.Collect$$_printf_percent$$00000009)
    _printf_u                                0x08000227   Thumb Code     0  _printf_u.o(.ARM.Collect$$_printf_percent$$0000000A)
    _printf_o                                0x0800022d   Thumb Code     0  _printf_o.o(.ARM.Collect$$_printf_percent$$0000000B)
    _printf_x                                0x08000233   Thumb Code     0  _printf_x.o(.ARM.Collect$$_printf_percent$$0000000C)
    _printf_lli                              0x08000239   Thumb Code     0  _printf_lli.o(.ARM.Collect$$_printf_percent$$0000000D)
    _printf_lld                              0x0800023f   Thumb Code     0  _printf_lld.o(.ARM.Collect$$_printf_percent$$0000000E)
    _printf_llu                              0x08000245   Thumb Code     0  _printf_llu.o(.ARM.Collect$$_printf_percent$$0000000F)
    _printf_llo                              0x0800024b   Thumb Code     0  _printf_llo.o(.ARM.Collect$$_printf_percent$$00000010)
    _printf_llx                              0x08000251   Thumb Code     0  _printf_llx.o(.ARM.Collect$$_printf_percent$$00000011)
    _printf_l                                0x08000257   Thumb Code     0  _printf_l.o(.ARM.Collect$$_printf_percent$$00000012)
    _printf_c                                0x08000261   Thumb Code     0  _printf_c.o(.ARM.Collect$$_printf_percent$$00000013)
    _printf_s                                0x08000267   Thumb Code     0  _printf_s.o(.ARM.Collect$$_printf_percent$$00000014)
    _printf_lc                               0x0800026d   Thumb Code     0  _printf_lc.o(.ARM.Collect$$_printf_percent$$00000015)
    _printf_ls                               0x08000273   Thumb Code     0  _printf_ls.o(.ARM.Collect$$_printf_percent$$00000016)
    _printf_percent_end                      0x08000279   Thumb Code     0  _printf_percent_end.o(.ARM.Collect$$_printf_percent$$00000017)
    __rt_lib_init                            0x0800027d   Thumb Code     0  libinit.o(.ARM.Collect$$libinit$$00000000)
    __rt_lib_init_fp_1                       0x0800027f   Thumb Code     0  libinit2.o(.ARM.Collect$$libinit$$00000002)
    __rt_lib_init_heap_1                     0x0800027f   Thumb Code     0  libinit2.o(.ARM.Collect$$libinit$$0000000A)
    __rt_lib_init_lc_common                  0x0800027f   Thumb Code     0  libinit2.o(.ARM.Collect$$libinit$$0000000F)
    __rt_lib_init_preinit_1                  0x0800027f   Thumb Code     0  libinit2.o(.ARM.Collect$$libinit$$00000004)
    __rt_lib_init_rand_1                     0x0800027f   Thumb Code     0  libinit2.o(.ARM.Collect$$libinit$$0000000E)
    __rt_lib_init_user_alloc_1               0x0800027f   Thumb Code     0  libinit2.o(.ARM.Collect$$libinit$$0000000C)
    __rt_lib_init_lc_collate_1               0x08000285   Thumb Code     0  libinit2.o(.ARM.Collect$$libinit$$00000011)
    __rt_lib_init_lc_ctype_2                 0x08000285   Thumb Code     0  libinit2.o(.ARM.Collect$$libinit$$00000012)
    __rt_lib_init_lc_ctype_1                 0x08000291   Thumb Code     0  libinit2.o(.ARM.Collect$$libinit$$00000013)
    __rt_lib_init_lc_monetary_1              0x08000291   Thumb Code     0  libinit2.o(.ARM.Collect$$libinit$$00000015)
    __rt_lib_init_lc_numeric_2               0x08000291   Thumb Code     0  libinit2.o(.ARM.Collect$$libinit$$00000016)
    __rt_lib_init_alloca_1                   0x0800029b   Thumb Code     0  libinit2.o(.ARM.Collect$$libinit$$0000002E)
    __rt_lib_init_argv_1                     0x0800029b   Thumb Code     0  libinit2.o(.ARM.Collect$$libinit$$0000002C)
    __rt_lib_init_atexit_1                   0x0800029b   Thumb Code     0  libinit2.o(.ARM.Collect$$libinit$$0000001B)
    __rt_lib_init_clock_1                    0x0800029b   Thumb Code     0  libinit2.o(.ARM.Collect$$libinit$$00000021)
    __rt_lib_init_cpp_1                      0x0800029b   Thumb Code     0  libinit2.o(.ARM.Collect$$libinit$$00000032)
    __rt_lib_init_exceptions_1               0x0800029b   Thumb Code     0  libinit2.o(.ARM.Collect$$libinit$$00000030)
    __rt_lib_init_fp_trap_1                  0x0800029b   Thumb Code     0  libinit2.o(.ARM.Collect$$libinit$$0000001F)
    __rt_lib_init_getenv_1                   0x0800029b   Thumb Code     0  libinit2.o(.ARM.Collect$$libinit$$00000023)
    __rt_lib_init_lc_numeric_1               0x0800029b   Thumb Code     0  libinit2.o(.ARM.Collect$$libinit$$00000017)
    __rt_lib_init_lc_time_1                  0x0800029b   Thumb Code     0  libinit2.o(.ARM.Collect$$libinit$$00000019)
    __rt_lib_init_return                     0x0800029b   Thumb Code     0  libinit2.o(.ARM.Collect$$libinit$$00000033)
    __rt_lib_init_signal_1                   0x0800029b   Thumb Code     0  libinit2.o(.ARM.Collect$$libinit$$0000001D)
    __rt_lib_init_stdio_1                    0x0800029b   Thumb Code     0  libinit2.o(.ARM.Collect$$libinit$$00000025)
    __rt_lib_shutdown                        0x0800029d   Thumb Code     0  libshutdown.o(.ARM.Collect$$libshutdown$$00000000)
    __rt_lib_shutdown_cpp_1                  0x0800029f   Thumb Code     0  libshutdown2.o(.ARM.Collect$$libshutdown$$00000004)
    __rt_lib_shutdown_fini_1                 0x0800029f   Thumb Code     0  libshutdown2.o(.ARM.Collect$$libshutdown$$00000002)
    __rt_lib_shutdown_fp_trap_1              0x0800029f   Thumb Code     0  libshutdown2.o(.ARM.Collect$$libshutdown$$00000009)
    __rt_lib_shutdown_heap_1                 0x0800029f   Thumb Code     0  libshutdown2.o(.ARM.Collect$$libshutdown$$00000011)
    __rt_lib_shutdown_return                 0x0800029f   Thumb Code     0  libshutdown2.o(.ARM.Collect$$libshutdown$$00000012)
    __rt_lib_shutdown_signal_1               0x0800029f   Thumb Code     0  libshutdown2.o(.ARM.Collect$$libshutdown$$0000000C)
    __rt_lib_shutdown_stdio_1                0x0800029f   Thumb Code     0  libshutdown2.o(.ARM.Collect$$libshutdown$$00000006)
    __rt_lib_shutdown_user_alloc_1           0x0800029f   Thumb Code     0  libshutdown2.o(.ARM.Collect$$libshutdown$$0000000E)
    __rt_entry                               0x080002a1   Thumb Code     0  __rtentry.o(.ARM.Collect$$rtentry$$00000000)
    __rt_entry_presh_1                       0x080002a1   Thumb Code     0  __rtentry2.o(.ARM.Collect$$rtentry$$00000002)
    __rt_entry_sh                            0x080002a1   Thumb Code     0  __rtentry4.o(.ARM.Collect$$rtentry$$00000004)
    __rt_entry_li                            0x080002a7   Thumb Code     0  __rtentry2.o(.ARM.Collect$$rtentry$$0000000A)
    __rt_entry_postsh_1                      0x080002a7   Thumb Code     0  __rtentry2.o(.ARM.Collect$$rtentry$$00000009)
    __rt_entry_main                          0x080002ab   Thumb Code     0  __rtentry2.o(.ARM.Collect$$rtentry$$0000000D)
    __rt_entry_postli_1                      0x080002ab   Thumb Code     0  __rtentry2.o(.ARM.Collect$$rtentry$$0000000C)
    __rt_exit                                0x080002b3   Thumb Code     0  rtexit.o(.ARM.Collect$$rtexit$$00000000)
    __rt_exit_ls                             0x080002b5   Thumb Code     0  rtexit2.o(.ARM.Collect$$rtexit$$00000003)
    __rt_exit_prels_1                        0x080002b5   Thumb Code     0  rtexit2.o(.ARM.Collect$$rtexit$$00000002)
    __rt_exit_exit                           0x080002b9   Thumb Code     0  rtexit2.o(.ARM.Collect$$rtexit$$00000004)
    cr4_fft_1024_stm32                       0x080002c1   Thumb Code     0  cr4_fft_1024_stm32.o(.text)
    Reset_Handler                            0x080014a1   Thumb Code     8  startup_stm32f10x_hd.o(.text)
    ADC1_2_IRQHandler                        0x080014bb   Thumb Code     0  startup_stm32f10x_hd.o(.text)
    ADC3_IRQHandler                          0x080014bb   Thumb Code     0  startup_stm32f10x_hd.o(.text)
    CAN1_RX1_IRQHandler                      0x080014bb   Thumb Code     0  startup_stm32f10x_hd.o(.text)
    CAN1_SCE_IRQHandler                      0x080014bb   Thumb Code     0  startup_stm32f10x_hd.o(.text)
    DMA1_Channel2_IRQHandler                 0x080014bb   Thumb Code     0  startup_stm32f10x_hd.o(.text)
    DMA1_Channel3_IRQHandler                 0x080014bb   Thumb Code     0  startup_stm32f10x_hd.o(.text)
    DMA1_Channel4_IRQHandler                 0x080014bb   Thumb Code     0  startup_stm32f10x_hd.o(.text)
    DMA1_Channel5_IRQHandler                 0x080014bb   Thumb Code     0  startup_stm32f10x_hd.o(.text)
    DMA1_Channel6_IRQHandler                 0x080014bb   Thumb Code     0  startup_stm32f10x_hd.o(.text)
    DMA1_Channel7_IRQHandler                 0x080014bb   Thumb Code     0  startup_stm32f10x_hd.o(.text)
    DMA2_Channel1_IRQHandler                 0x080014bb   Thumb Code     0  startup_stm32f10x_hd.o(.text)
    DMA2_Channel2_IRQHandler                 0x080014bb   Thumb Code     0  startup_stm32f10x_hd.o(.text)
    DMA2_Channel3_IRQHandler                 0x080014bb   Thumb Code     0  startup_stm32f10x_hd.o(.text)
    DMA2_Channel4_5_IRQHandler               0x080014bb   Thumb Code     0  startup_stm32f10x_hd.o(.text)
    EXTI15_10_IRQHandler                     0x080014bb   Thumb Code     0  startup_stm32f10x_hd.o(.text)
    EXTI1_IRQHandler                         0x080014bb   Thumb Code     0  startup_stm32f10x_hd.o(.text)
    EXTI2_IRQHandler                         0x080014bb   Thumb Code     0  startup_stm32f10x_hd.o(.text)
    EXTI9_5_IRQHandler                       0x080014bb   Thumb Code     0  startup_stm32f10x_hd.o(.text)
    FLASH_IRQHandler                         0x080014bb   Thumb Code     0  startup_stm32f10x_hd.o(.text)
    FSMC_IRQHandler                          0x080014bb   Thumb Code     0  startup_stm32f10x_hd.o(.text)
    I2C1_ER_IRQHandler                       0x080014bb   Thumb Code     0  startup_stm32f10x_hd.o(.text)
    I2C1_EV_IRQHandler                       0x080014bb   Thumb Code     0  startup_stm32f10x_hd.o(.text)
    I2C2_ER_IRQHandler                       0x080014bb   Thumb Code     0  startup_stm32f10x_hd.o(.text)
    I2C2_EV_IRQHandler                       0x080014bb   Thumb Code     0  startup_stm32f10x_hd.o(.text)
    PVD_IRQHandler                           0x080014bb   Thumb Code     0  startup_stm32f10x_hd.o(.text)
    RCC_IRQHandler                           0x080014bb   Thumb Code     0  startup_stm32f10x_hd.o(.text)
    RTCAlarm_IRQHandler                      0x080014bb   Thumb Code     0  startup_stm32f10x_hd.o(.text)
    RTC_IRQHandler                           0x080014bb   Thumb Code     0  startup_stm32f10x_hd.o(.text)
    SDIO_IRQHandler                          0x080014bb   Thumb Code     0  startup_stm32f10x_hd.o(.text)
    SPI1_IRQHandler                          0x080014bb   Thumb Code     0  startup_stm32f10x_hd.o(.text)
    SPI2_IRQHandler                          0x080014bb   Thumb Code     0  startup_stm32f10x_hd.o(.text)
    SPI3_IRQHandler                          0x080014bb   Thumb Code     0  startup_stm32f10x_hd.o(.text)
    TAMPER_IRQHandler                        0x080014bb   Thumb Code     0  startup_stm32f10x_hd.o(.text)
    TIM1_BRK_IRQHandler                      0x080014bb   Thumb Code     0  startup_stm32f10x_hd.o(.text)
    TIM1_CC_IRQHandler                       0x080014bb   Thumb Code     0  startup_stm32f10x_hd.o(.text)
    TIM1_TRG_COM_IRQHandler                  0x080014bb   Thumb Code     0  startup_stm32f10x_hd.o(.text)
    TIM1_UP_IRQHandler                       0x080014bb   Thumb Code     0  startup_stm32f10x_hd.o(.text)
    TIM2_IRQHandler                          0x080014bb   Thumb Code     0  startup_stm32f10x_hd.o(.text)
    TIM4_IRQHandler                          0x080014bb   Thumb Code     0  startup_stm32f10x_hd.o(.text)
    TIM5_IRQHandler                          0x080014bb   Thumb Code     0  startup_stm32f10x_hd.o(.text)
    TIM6_IRQHandler                          0x080014bb   Thumb Code     0  startup_stm32f10x_hd.o(.text)
    TIM7_IRQHandler                          0x080014bb   Thumb Code     0  startup_stm32f10x_hd.o(.text)
    TIM8_BRK_IRQHandler                      0x080014bb   Thumb Code     0  startup_stm32f10x_hd.o(.text)
    TIM8_CC_IRQHandler                       0x080014bb   Thumb Code     0  startup_stm32f10x_hd.o(.text)
    TIM8_TRG_COM_IRQHandler                  0x080014bb   Thumb Code     0  startup_stm32f10x_hd.o(.text)
    TIM8_UP_IRQHandler                       0x080014bb   Thumb Code     0  startup_stm32f10x_hd.o(.text)
    UART4_IRQHandler                         0x080014bb   Thumb Code     0  startup_stm32f10x_hd.o(.text)
    UART5_IRQHandler                         0x080014bb   Thumb Code     0  startup_stm32f10x_hd.o(.text)
    USART2_IRQHandler                        0x080014bb   Thumb Code     0  startup_stm32f10x_hd.o(.text)
    USART3_IRQHandler                        0x080014bb   Thumb Code     0  startup_stm32f10x_hd.o(.text)
    USBWakeUp_IRQHandler                     0x080014bb   Thumb Code     0  startup_stm32f10x_hd.o(.text)
    USB_HP_CAN1_TX_IRQHandler                0x080014bb   Thumb Code     0  startup_stm32f10x_hd.o(.text)
    USB_LP_CAN1_RX0_IRQHandler               0x080014bb   Thumb Code     0  startup_stm32f10x_hd.o(.text)
    WWDG_IRQHandler                          0x080014bb   Thumb Code     0  startup_stm32f10x_hd.o(.text)
    __user_initial_stackheap                 0x080014bd   Thumb Code     0  startup_stm32f10x_hd.o(.text)
    __use_no_semihosting                     0x080014e1   Thumb Code     2  use_no_semi_2.o(.text)
    __c89vsprintf                            0x080014e5   Thumb Code    32  c89vsprintf.o(.text)
    __2printf                                0x08001509   Thumb Code    20  __2printf.o(.text)
    _printf_longlong_hex                     0x08001521   Thumb Code    86  _printf_hex_int_ll_ptr.o(.text)
    _printf_int_hex                          0x08001577   Thumb Code    28  _printf_hex_int_ll_ptr.o(.text)
    _printf_ll_hex                           0x08001593   Thumb Code    12  _printf_hex_int_ll_ptr.o(.text)
    _printf_hex_ptr                          0x0800159f   Thumb Code    18  _printf_hex_int_ll_ptr.o(.text)
    __printf                                 0x080015b5   Thumb Code   388  __printf_flags_ss_wp.o(.text)
    strcmp                                   0x0800173d   Thumb Code   128  strcmpv7m.o(.text)
    __use_two_region_memory                  0x080017bd   Thumb Code     2  heapauxi.o(.text)
    __rt_heap_escrow$2region                 0x080017bf   Thumb Code     2  heapauxi.o(.text)
    __rt_heap_expand$2region                 0x080017c1   Thumb Code     2  heapauxi.o(.text)
    __I$use$semihosting                      0x080017c3   Thumb Code     0  use_no_semi.o(.text)
    __use_no_semihosting_swi                 0x080017c3   Thumb Code     2  use_no_semi.o(.text)
    __read_errno                             0x080017c5   Thumb Code    10  _rserrno.o(.text)
    __set_errno                              0x080017cf   Thumb Code    12  _rserrno.o(.text)
    _printf_pre_padding                      0x080017db   Thumb Code    44  _printf_pad.o(.text)
    _printf_post_padding                     0x08001807   Thumb Code    34  _printf_pad.o(.text)
    _printf_truncate_signed                  0x08001829   Thumb Code    18  _printf_truncate.o(.text)
    _printf_truncate_unsigned                0x0800183b   Thumb Code    18  _printf_truncate.o(.text)
    _printf_str                              0x0800184d   Thumb Code    82  _printf_str.o(.text)
    _printf_int_common                       0x0800189f   Thumb Code   178  _printf_intcommon.o(.text)
    _printf_int_dec                          0x08001951   Thumb Code   104  _printf_dec.o(.text)
    _printf_charcount                        0x080019c9   Thumb Code    40  _printf_charcount.o(.text)
    _printf_char_common                      0x080019fb   Thumb Code    32  _printf_char_common.o(.text)
    _sputc                                   0x08001a21   Thumb Code    10  _sputc.o(.text)
    _printf_char_file                        0x08001a2d   Thumb Code    32  _printf_char_file.o(.text)
    _printf_wctomb                           0x08001a51   Thumb Code   182  _printf_wctomb.o(.text)
    _printf_longlong_dec                     0x08001b0d   Thumb Code   108  _printf_longlong_dec.o(.text)
    _printf_longlong_oct                     0x08001b89   Thumb Code    66  _printf_oct_int_ll.o(.text)
    _printf_int_oct                          0x08001bcb   Thumb Code    24  _printf_oct_int_ll.o(.text)
    _printf_ll_oct                           0x08001be3   Thumb Code    12  _printf_oct_int_ll.o(.text)
    __aeabi_errno_addr                       0x08001bf9   Thumb Code     8  rt_errno_addr_intlibspace.o(.text)
    __errno$intlibspace                      0x08001bf9   Thumb Code     0  rt_errno_addr_intlibspace.o(.text)
    __rt_errno_addr$intlibspace              0x08001bf9   Thumb Code     0  rt_errno_addr_intlibspace.o(.text)
    _ll_udiv10                               0x08001c01   Thumb Code   138  lludiv10.o(.text)
    __lib_sel_fp_printf                      0x08001c8b   Thumb Code     2  _printf_fp_dec.o(.text)
    _printf_fp_dec_real                      0x08001e3d   Thumb Code   620  _printf_fp_dec.o(.text)
    _printf_cs_common                        0x080020a9   Thumb Code    20  _printf_char.o(.text)
    _printf_char                             0x080020bd   Thumb Code    16  _printf_char.o(.text)
    _printf_string                           0x080020cd   Thumb Code     8  _printf_char.o(.text)
    _printf_lcs_common                       0x080020d5   Thumb Code    20  _printf_wchar.o(.text)
    _printf_wchar                            0x080020e9   Thumb Code    16  _printf_wchar.o(.text)
    _printf_wstring                          0x080020f9   Thumb Code     8  _printf_wchar.o(.text)
    ferror                                   0x08002101   Thumb Code     8  ferror.o(.text)
    _wcrtomb                                 0x08002109   Thumb Code    64  _wcrtomb.o(.text)
    __user_libspace                          0x08002149   Thumb Code     8  libspace.o(.text)
    __user_perproc_libspace                  0x08002149   Thumb Code     0  libspace.o(.text)
    __user_perthread_libspace                0x08002149   Thumb Code     0  libspace.o(.text)
    __user_setup_stackheap                   0x08002151   Thumb Code    74  sys_stackheap_outer.o(.text)
    __rt_ctype_table                         0x0800219d   Thumb Code    16  rt_ctype_table.o(.text)
    __rt_locale                              0x080021ad   Thumb Code     8  rt_locale_intlibspace.o(.text)
    _printf_fp_infnan                        0x080021b5   Thumb Code   112  _printf_fp_infnan.o(.text)
    _btod_etento                             0x08002235   Thumb Code   224  bigflt0.o(.text)
    exit                                     0x08002319   Thumb Code    18  exit.o(.text)
    _btod_d2e                                0x0800232b   Thumb Code    62  btod.o(CL$$btod_d2e)
    _d2e_denorm_low                          0x08002369   Thumb Code    70  btod.o(CL$$btod_d2e_denorm_low)
    _d2e_norm_op1                            0x080023af   Thumb Code    96  btod.o(CL$$btod_d2e_norm_op1)
    __btod_div_common                        0x0800240f   Thumb Code   696  btod.o(CL$$btod_div_common)
    _e2e                                     0x08002747   Thumb Code   220  btod.o(CL$$btod_e2e)
    _btod_ediv                               0x08002823   Thumb Code    42  btod.o(CL$$btod_ediv)
    _btod_emul                               0x0800284d   Thumb Code    42  btod.o(CL$$btod_emul)
    __btod_mult_common                       0x08002877   Thumb Code   580  btod.o(CL$$btod_mult_common)
    ADC_Cmd                                  0x08002abb   Thumb Code    22  stm32f10x_adc.o(i.ADC_Cmd)
    ADC_DMACmd                               0x08002ad1   Thumb Code    22  stm32f10x_adc.o(i.ADC_DMACmd)
    ADC_DeInit                               0x08002ae9   Thumb Code    78  stm32f10x_adc.o(i.ADC_DeInit)
    ADC_GetCalibrationStatus                 0x08002b45   Thumb Code    20  stm32f10x_adc.o(i.ADC_GetCalibrationStatus)
    ADC_GetResetCalibrationStatus            0x08002b59   Thumb Code    20  stm32f10x_adc.o(i.ADC_GetResetCalibrationStatus)
    ADC_Init                                 0x08002b6d   Thumb Code    70  stm32f10x_adc.o(i.ADC_Init)
    ADC_RegularChannelConfig                 0x08002bbd   Thumb Code   184  stm32f10x_adc.o(i.ADC_RegularChannelConfig)
    ADC_ResetCalibration                     0x08002c75   Thumb Code    10  stm32f10x_adc.o(i.ADC_ResetCalibration)
    ADC_SoftwareStartConvCmd                 0x08002c7f   Thumb Code    22  stm32f10x_adc.o(i.ADC_SoftwareStartConvCmd)
    ADC_StartCalibration                     0x08002c95   Thumb Code    10  stm32f10x_adc.o(i.ADC_StartCalibration)
    Adc1_Init                                0x08002ca1   Thumb Code   172  adc.o(i.Adc1_Init)
    Adc2_Init                                0x08002d55   Thumb Code   138  adc.o(i.Adc2_Init)
    Adc_Init                                 0x08002ded   Thumb Code    12  adc.o(i.Adc_Init)
    BEEP_Init                                0x08002df9   Thumb Code    50  beep.o(i.BEEP_Init)
    BusFault_Handler                         0x08002e31   Thumb Code     4  stm32f10x_it.o(i.BusFault_Handler)
    DAC_Cmd                                  0x08002e35   Thumb Code    34  stm32f10x_dac.o(i.DAC_Cmd)
    DAC_Init                                 0x08002e5d   Thumb Code    46  stm32f10x_dac.o(i.DAC_Init)
    DAC_SetChannel1Data                      0x08002e91   Thumb Code    26  stm32f10x_dac.o(i.DAC_SetChannel1Data)
    DMA1_Channel1_IRQHandler                 0x08002eb1   Thumb Code    70  main.o(i.DMA1_Channel1_IRQHandler)
    DMA_ClearITPendingBit                    0x08002f0d   Thumb Code    18  stm32f10x_dma.o(i.DMA_ClearITPendingBit)
    DMA_Cmd                                  0x08002f29   Thumb Code    24  stm32f10x_dma.o(i.DMA_Cmd)
    DMA_DeInit                               0x08002f41   Thumb Code   324  stm32f10x_dma.o(i.DMA_DeInit)
    DMA_GetITStatus                          0x0800308d   Thumb Code    36  stm32f10x_dma.o(i.DMA_GetITStatus)
    DMA_ITConfig                             0x080030b9   Thumb Code    18  stm32f10x_dma.o(i.DMA_ITConfig)
    DMA_Init                                 0x080030cb   Thumb Code    60  stm32f10x_dma.o(i.DMA_Init)
    Dac1_Init                                0x08003109   Thumb Code    86  dac.o(i.Dac1_Init)
    DebugMon_Handler                         0x08003165   Thumb Code     2  stm32f10x_it.o(i.DebugMon_Handler)
    EXTI0_IRQHandler                         0x08003169   Thumb Code   188  main.o(i.EXTI0_IRQHandler)
    EXTI3_IRQHandler                         0x080032a5   Thumb Code    84  main.o(i.EXTI3_IRQHandler)
    EXTI4_IRQHandler                         0x08003309   Thumb Code    84  main.o(i.EXTI4_IRQHandler)
    EXTIX_Init                               0x0800336d   Thumb Code   176  exti.o(i.EXTIX_Init)
    EXTI_ClearITPendingBit                   0x0800341d   Thumb Code     6  stm32f10x_exti.o(i.EXTI_ClearITPendingBit)
    EXTI_Init                                0x08003429   Thumb Code   142  stm32f10x_exti.o(i.EXTI_Init)
    FSMC_NORSRAMCmd                          0x080034bd   Thumb Code    46  stm32f10x_fsmc.o(i.FSMC_NORSRAMCmd)
    FSMC_NORSRAMInit                         0x080034f1   Thumb Code   230  stm32f10x_fsmc.o(i.FSMC_NORSRAMInit)
    GPIO_EXTILineConfig                      0x080035d9   Thumb Code    60  stm32f10x_gpio.o(i.GPIO_EXTILineConfig)
    GPIO_Init                                0x08003619   Thumb Code   278  stm32f10x_gpio.o(i.GPIO_Init)
    GPIO_ReadInputDataBit                    0x0800372f   Thumb Code    18  stm32f10x_gpio.o(i.GPIO_ReadInputDataBit)
    GPIO_ResetBits                           0x08003741   Thumb Code     4  stm32f10x_gpio.o(i.GPIO_ResetBits)
    GPIO_SetBits                             0x08003745   Thumb Code     4  stm32f10x_gpio.o(i.GPIO_SetBits)
    GetPowerMag                              0x08003749   Thumb Code   212  main.o(i.GetPowerMag)
    HardFault_Handler                        0x08003839   Thumb Code     4  stm32f10x_it.o(i.HardFault_Handler)
    IC_GetDuty                               0x0800383d   Thumb Code    30  ic.o(i.IC_GetDuty)
    IC_GetFreq                               0x08003861   Thumb Code    18  ic.o(i.IC_GetFreq)
    InitBufInArray                           0x0800387d   Thumb Code   102  main.o(i.InitBufInArray)
    KEY_Init                                 0x080038f5   Thumb Code    52  key.o(i.KEY_Init)
    LCD_Clear                                0x08003931   Thumb Code   100  lcd.o(i.LCD_Clear)
    LCD_Display_Dir                          0x0800399d   Thumb Code   444  lcd.o(i.LCD_Display_Dir)
    LCD_DrawLine                             0x08003b5d   Thumb Code   176  lcd.o(i.LCD_DrawLine)
    LCD_DrawPoint                            0x08003c0d   Thumb Code    28  lcd.o(i.LCD_DrawPoint)
    LCD_Fast_DrawPoint                       0x08003c31   Thumb Code   370  lcd.o(i.LCD_Fast_DrawPoint)
    LCD_Init                                 0x08003dad   Thumb Code 14178  lcd.o(i.LCD_Init)
    LCD_Pow                                  0x08007519   Thumb Code    22  lcd.o(i.LCD_Pow)
    LCD_RD_DATA                              0x08007531   Thumb Code    14  lcd.o(i.LCD_RD_DATA)
    LCD_ReadReg                              0x08007545   Thumb Code    22  lcd.o(i.LCD_ReadReg)
    LCD_SSD_BackLightSet                     0x0800755d   Thumb Code    80  lcd.o(i.LCD_SSD_BackLightSet)
    LCD_Scan_Dir                             0x080075b1   Thumb Code   744  lcd.o(i.LCD_Scan_Dir)
    LCD_SetCursor                            0x0800789d   Thumb Code   418  lcd.o(i.LCD_SetCursor)
    LCD_ShowChar                             0x08007a45   Thumb Code   272  lcd.o(i.LCD_ShowChar)
    LCD_ShowNum                              0x08007b6d   Thumb Code   148  lcd.o(i.LCD_ShowNum)
    LCD_ShowString                           0x08007c01   Thumb Code   102  lcd.o(i.LCD_ShowString)
    LCD_WR_DATA                              0x08007c69   Thumb Code     6  lcd.o(i.LCD_WR_DATA)
    LCD_WR_REG                               0x08007c75   Thumb Code     6  lcd.o(i.LCD_WR_REG)
    LCD_WriteRAM_Prepare                     0x08007c81   Thumb Code    10  lcd.o(i.LCD_WriteRAM_Prepare)
    LCD_WriteReg                             0x08007c95   Thumb Code    10  lcd.o(i.LCD_WriteReg)
    LED_Init                                 0x08007ca5   Thumb Code    68  led.o(i.LED_Init)
    MYDMA1_Config                            0x08007cf1   Thumb Code   120  dma.o(i.MYDMA1_Config)
    MemManage_Handler                        0x08007d6d   Thumb Code     4  stm32f10x_it.o(i.MemManage_Handler)
    NMI_Handler                              0x08007d71   Thumb Code     2  stm32f10x_it.o(i.NMI_Handler)
    NVIC_Init                                0x08007d75   Thumb Code   100  misc.o(i.NVIC_Init)
    NVIC_PriorityGroupConfig                 0x08007de5   Thumb Code    10  misc.o(i.NVIC_PriorityGroupConfig)
    PendSV_Handler                           0x08007df9   Thumb Code     2  stm32f10x_it.o(i.PendSV_Handler)
    RCC_ADCCLKConfig                         0x08007dfd   Thumb Code    18  stm32f10x_rcc.o(i.RCC_ADCCLKConfig)
    RCC_AHBPeriphClockCmd                    0x08007e15   Thumb Code    26  stm32f10x_rcc.o(i.RCC_AHBPeriphClockCmd)
    RCC_APB1PeriphClockCmd                   0x08007e35   Thumb Code    26  stm32f10x_rcc.o(i.RCC_APB1PeriphClockCmd)
    RCC_APB2PeriphClockCmd                   0x08007e55   Thumb Code    26  stm32f10x_rcc.o(i.RCC_APB2PeriphClockCmd)
    RCC_APB2PeriphResetCmd                   0x08007e75   Thumb Code    26  stm32f10x_rcc.o(i.RCC_APB2PeriphResetCmd)
    RCC_GetClocksFreq                        0x08007e95   Thumb Code   192  stm32f10x_rcc.o(i.RCC_GetClocksFreq)
    SVC_Handler                              0x08007f69   Thumb Code     2  stm32f10x_it.o(i.SVC_Handler)
    Serial_Printf                            0x08007f6b   Thumb Code    36  usart.o(i.Serial_Printf)
    Serial_SendByte                          0x08007f91   Thumb Code    28  usart.o(i.Serial_SendByte)
    Serial_SendString                        0x08007fb1   Thumb Code    26  usart.o(i.Serial_SendString)
    SysTick_CLKSourceConfig                  0x080080b5   Thumb Code    40  misc.o(i.SysTick_CLKSourceConfig)
    SysTick_Handler                          0x080080dd   Thumb Code     2  stm32f10x_it.o(i.SysTick_Handler)
    SystemInit                               0x080080e1   Thumb Code    78  system_stm32f10x.o(i.SystemInit)
    TIM2_PWM_Init                            0x08008141   Thumb Code   132  timer.o(i.TIM2_PWM_Init)
    TIM3_IRQHandler                          0x080081c9   Thumb Code    26  main.o(i.TIM3_IRQHandler)
    TIM3_Int_Init                            0x080081e9   Thumb Code    98  timer.o(i.TIM3_Int_Init)
    TIM_ClearITPendingBit                    0x08008251   Thumb Code     6  stm32f10x_tim.o(i.TIM_ClearITPendingBit)
    TIM_Cmd                                  0x08008257   Thumb Code    24  stm32f10x_tim.o(i.TIM_Cmd)
    TIM_CtrlPWMOutputs                       0x0800826f   Thumb Code    30  stm32f10x_tim.o(i.TIM_CtrlPWMOutputs)
    TIM_GetCapture1                          0x0800828d   Thumb Code     6  stm32f10x_tim.o(i.TIM_GetCapture1)
    TIM_GetCapture2                          0x08008293   Thumb Code     6  stm32f10x_tim.o(i.TIM_GetCapture2)
    TIM_GetITStatus                          0x08008299   Thumb Code    34  stm32f10x_tim.o(i.TIM_GetITStatus)
    TIM_ITConfig                             0x080082bb   Thumb Code    18  stm32f10x_tim.o(i.TIM_ITConfig)
    TIM_OC2Init                              0x080082cd   Thumb Code   154  stm32f10x_tim.o(i.TIM_OC2Init)
    TIM_PrescalerConfig                      0x08008371   Thumb Code     6  stm32f10x_tim.o(i.TIM_PrescalerConfig)
    TIM_SelectOutputTrigger                  0x08008377   Thumb Code    18  stm32f10x_tim.o(i.TIM_SelectOutputTrigger)
    TIM_TimeBaseInit                         0x08008389   Thumb Code   122  stm32f10x_tim.o(i.TIM_TimeBaseInit)
    USART1_IRQHandler                        0x0800842d   Thumb Code   130  usart.o(i.USART1_IRQHandler)
    USART_Cmd                                0x080084c5   Thumb Code    24  stm32f10x_usart.o(i.USART_Cmd)
    USART_GetFlagStatus                      0x080084dd   Thumb Code    26  stm32f10x_usart.o(i.USART_GetFlagStatus)
    USART_GetITStatus                        0x080084f7   Thumb Code    84  stm32f10x_usart.o(i.USART_GetITStatus)
    USART_ITConfig                           0x0800854b   Thumb Code    74  stm32f10x_usart.o(i.USART_ITConfig)
    USART_Init                               0x08008595   Thumb Code   210  stm32f10x_usart.o(i.USART_Init)
    USART_ReceiveData                        0x0800866d   Thumb Code    10  stm32f10x_usart.o(i.USART_ReceiveData)
    USART_SendData                           0x08008677   Thumb Code     8  stm32f10x_usart.o(i.USART_SendData)
    UsageFault_Handler                       0x0800867f   Thumb Code     4  stm32f10x_it.o(i.UsageFault_Handler)
    __ARM_fpclassify                         0x08008683   Thumb Code    40  fpclassify.o(i.__ARM_fpclassify)
    __ieee754_rem_pio2                       0x080086ad   Thumb Code   828  rred.o(i.__ieee754_rem_pio2)
    __kernel_cos                             0x08008a35   Thumb Code   230  cos_i.o(i.__kernel_cos)
    __kernel_poly                            0x08008b31   Thumb Code   170  poly.o(i.__kernel_poly)
    __kernel_sin                             0x08008bdd   Thumb Code   224  sin_i.o(i.__kernel_sin)
    __mathlib_dbl_infnan                     0x08008cc9   Thumb Code     6  dunder.o(i.__mathlib_dbl_infnan)
    __mathlib_dbl_invalid                    0x08008ccf   Thumb Code    12  dunder.o(i.__mathlib_dbl_invalid)
    __mathlib_dbl_underflow                  0x08008cdd   Thumb Code    10  dunder.o(i.__mathlib_dbl_underflow)
    _is_digit                                0x08008ced   Thumb Code    14  __printf_wp.o(i._is_digit)
    _sys_exit                                0x08008cfb   Thumb Code     6  usart.o(i._sys_exit)
    clear_point                              0x08008d01   Thumb Code   414  main.o(i.clear_point)
    delay_init                               0x08008ec9   Thumb Code    50  delay.o(i.delay_init)
    delay_ms                                 0x08008f0d   Thumb Code    72  delay.o(i.delay_ms)
    delay_us                                 0x08008f59   Thumb Code    72  delay.o(i.delay_us)
    fputc                                    0x08008fa5   Thumb Code    24  usart.o(i.fputc)
    lcd_huadian                              0x08008fc1   Thumb Code    24  main.o(i.lcd_huadian)
    lcd_huaxian                              0x08008fd9   Thumb Code    36  main.o(i.lcd_huaxian)
    main                                     0x08008ffd   Thumb Code   562  main.o(i.main)
    sin                                      0x0800928d   Thumb Code   150  sin.o(i.sin)
    sinout                                   0x0800932d   Thumb Code    44  main.o(i.sinout)
    sqrt                                     0x08009361   Thumb Code    76  sqrt.o(i.sqrt)
    uart_init                                0x080093ad   Thumb Code   152  usart.o(i.uart_init)
    window                                   0x0800944d   Thumb Code   518  main.o(i.window)
    _get_lc_numeric                          0x080096cd   Thumb Code    44  lc_numeric_c.o(locale$$code)
    _get_lc_ctype                            0x080096f9   Thumb Code    44  lc_ctype_c.o(locale$$code)
    __aeabi_d2f                              0x08009725   Thumb Code     0  d2f.o(x$fpl$d2f)
    _d2f                                     0x08009725   Thumb Code    98  d2f.o(x$fpl$d2f)
    __aeabi_dadd                             0x08009789   Thumb Code     0  daddsub_clz.o(x$fpl$dadd)
    _dadd                                    0x08009789   Thumb Code   332  daddsub_clz.o(x$fpl$dadd)
    __fpl_dcheck_NaN1                        0x080098d9   Thumb Code    10  dcheck1.o(x$fpl$dcheck1)
    __aeabi_ddiv                             0x080098e9   Thumb Code     0  ddiv.o(x$fpl$ddiv)
    _ddiv                                    0x080098e9   Thumb Code   552  ddiv.o(x$fpl$ddiv)
    __aeabi_d2iz                             0x08009b99   Thumb Code     0  dfix.o(x$fpl$dfix)
    _dfix                                    0x08009b99   Thumb Code    94  dfix.o(x$fpl$dfix)
    __aeabi_d2uiz                            0x08009bf9   Thumb Code     0  dfixu.o(x$fpl$dfixu)
    _dfixu                                   0x08009bf9   Thumb Code    90  dfixu.o(x$fpl$dfixu)
    __aeabi_i2d                              0x08009c53   Thumb Code     0  dflt_clz.o(x$fpl$dflt)
    _dflt                                    0x08009c53   Thumb Code    46  dflt_clz.o(x$fpl$dflt)
    __aeabi_ui2d                             0x08009c81   Thumb Code     0  dflt_clz.o(x$fpl$dfltu)
    _dfltu                                   0x08009c81   Thumb Code    38  dflt_clz.o(x$fpl$dfltu)
    __aeabi_dmul                             0x08009ca9   Thumb Code     0  dmul.o(x$fpl$dmul)
    _dmul                                    0x08009ca9   Thumb Code   332  dmul.o(x$fpl$dmul)
    __fpl_dnaninf                            0x08009dfd   Thumb Code   156  dnaninf.o(x$fpl$dnaninf)
    __fpl_dretinf                            0x08009e99   Thumb Code    12  dretinf.o(x$fpl$dretinf)
    __aeabi_drsub                            0x08009ea5   Thumb Code     0  daddsub_clz.o(x$fpl$drsb)
    _drsb                                    0x08009ea5   Thumb Code    22  daddsub_clz.o(x$fpl$drsb)
    _dsqrt                                   0x08009ebd   Thumb Code   456  dsqrt_noumaal.o(x$fpl$dsqrt)
    __aeabi_dsub                             0x0800a089   Thumb Code     0  daddsub_clz.o(x$fpl$dsub)
    _dsub                                    0x0800a089   Thumb Code   464  daddsub_clz.o(x$fpl$dsub)
    __aeabi_f2d                              0x0800a25d   Thumb Code     0  f2d.o(x$fpl$f2d)
    _f2d                                     0x0800a25d   Thumb Code    86  f2d.o(x$fpl$f2d)
    __aeabi_fadd                             0x0800a2b5   Thumb Code     0  faddsub_clz.o(x$fpl$fadd)
    _fadd                                    0x0800a2b5   Thumb Code   196  faddsub_clz.o(x$fpl$fadd)
    __fpl_fcmp_Inf                           0x0800a379   Thumb Code    24  fcmpi.o(x$fpl$fcmpinf)
    __aeabi_f2uiz                            0x0800a391   Thumb Code     0  ffixu.o(x$fpl$ffixu)
    _ffixu                                   0x0800a391   Thumb Code    62  ffixu.o(x$fpl$ffixu)
    __aeabi_i2f                              0x0800a3d1   Thumb Code     0  fflt_clz.o(x$fpl$fflt)
    _fflt                                    0x0800a3d1   Thumb Code    48  fflt_clz.o(x$fpl$fflt)
    __aeabi_cfcmple                          0x0800a401   Thumb Code     0  fleqf.o(x$fpl$fleqf)
    _fcmple                                  0x0800a401   Thumb Code   104  fleqf.o(x$fpl$fleqf)
    __fpl_fcmple_InfNaN                      0x0800a453   Thumb Code     0  fleqf.o(x$fpl$fleqf)
    __aeabi_fmul                             0x0800a469   Thumb Code     0  fmul.o(x$fpl$fmul)
    _fmul                                    0x0800a469   Thumb Code   258  fmul.o(x$fpl$fmul)
    __fpl_fnaninf                            0x0800a56b   Thumb Code   140  fnaninf.o(x$fpl$fnaninf)
    __fpl_fretinf                            0x0800a5f7   Thumb Code    10  fretinf.o(x$fpl$fretinf)
    __aeabi_cfrcmple                         0x0800a601   Thumb Code     0  frleqf.o(x$fpl$frleqf)
    _frcmple                                 0x0800a601   Thumb Code    98  frleqf.o(x$fpl$frleqf)
    __aeabi_fsub                             0x0800a665   Thumb Code     0  faddsub_clz.o(x$fpl$fsub)
    _fsub                                    0x0800a665   Thumb Code   234  faddsub_clz.o(x$fpl$fsub)
    _printf_fp_dec                           0x0800a74f   Thumb Code     4  printf1.o(x$fpl$printf1)
    __fpl_return_NaN                         0x0800a753   Thumb Code   100  retnan.o(x$fpl$retnan)
    __ARM_scalbn                             0x0800a7b7   Thumb Code    92  scalbn.o(x$fpl$scalbn)
    __fpl_cmpreturn                          0x0800a813   Thumb Code    48  trapv.o(x$fpl$trapveneer)
    __I$use$fp                               0x0800a842   Number         0  usenofp.o(x$fpl$usenofp)
    asc2_1206                                0x0800a842   Data        1140  lcd.o(.constdata)
    asc2_1608                                0x0800acb6   Data        1520  lcd.o(.constdata)
    asc2_2412                                0x0800b2a6   Data        3420  lcd.o(.constdata)
    Region$$Table$$Base                      0x0800c1fc   Number         0  anon$$obj.o(Region$$Table)
    Region$$Table$$Limit                     0x0800c21c   Number         0  anon$$obj.o(Region$$Table)
    __ctype                                  0x0800c245   Data           0  lc_ctype_c.o(locale$$data)
    TableFFT                                 0x20000000   Data        4080  main.o(.data)
    table                                    0x20000ff0   Data          30  main.o(.data)
    currentadc                               0x20001010   Data           4  main.o(.data)
    adcmax                                   0x20001014   Data           4  main.o(.data)
    adcmin                                   0x20001018   Data           4  main.o(.data)
    adc_flag                                 0x2000101c   Data           1  main.o(.data)
    key_flag                                 0x2000101d   Data           1  main.o(.data)
    show_flag                                0x2000101e   Data           1  main.o(.data)
    T                                        0x20001020   Data           2  main.o(.data)
    pre                                      0x20001022   Data           2  main.o(.data)
    fre                                      0x20001024   Data           4  main.o(.data)
    F                                        0x20001028   Data           2  main.o(.data)
    AD0                                      0x2000102a   Data           2  main.o(.data)
    AD1                                      0x2000102c   Data           2  main.o(.data)
    V                                        0x20001030   Data           4  main.o(.data)
    temp                                     0x20001034   Data           2  main.o(.data)
    t                                        0x20001036   Data           2  main.o(.data)
    key                                      0x20001038   Data           2  main.o(.data)
    SystemCoreClock                          0x20001040   Data           4  system_stm32f10x.o(.data)
    AHBPrescTable                            0x20001044   Data          16  system_stm32f10x.o(.data)
    POINT_COLOR                              0x20001054   Data           2  lcd.o(.data)
    BACK_COLOR                               0x20001056   Data           2  lcd.o(.data)
    Serial_RxData                            0x2000105c   Data           1  usart.o(.data)
    Serial_RxFlag                            0x2000105d   Data           1  usart.o(.data)
    __stdout                                 0x20001060   Data           4  usart.o(.data)
    fftin                                    0x2000107c   Data        4096  main.o(.bss)
    fftout                                   0x2000207c   Data        4096  main.o(.bss)
    FFT_Mag                                  0x2000307c   Data        2048  main.o(.bss)
    magout                                   0x2000387c   Data        2048  main.o(.bss)
    adcx                                     0x2000407c   Data        4096  main.o(.bss)
    lcddev                                   0x2000507c   Data          14  lcd.o(.bss)
    Serial_RxPacket                          0x2000508a   Data         100  usart.o(.bss)
    __libspace_start                         0x200050f0   Data          96  libspace.o(.bss)
    __temporary_stack_top$libspace           0x20005150   Data           0  libspace.o(.bss)



==============================================================================

Memory Map of the image

  Image Entry point : 0x08000131

  Load Region LR_IROM1 (Base: 0x08000000, Size: 0x0000d3c4, Max: 0x00080000, ABSOLUTE, COMPRESSED[0x0000cf98])

    Execution Region ER_IROM1 (Exec base: 0x08000000, Load base: 0x08000000, Size: 0x0000c348, Max: 0x00080000, ABSOLUTE)

    Exec Addr    Load Addr    Size         Type   Attr      Idx    E Section Name        Object

    0x08000000   0x08000000   0x00000130   Data   RO          891    RESET               startup_stm32f10x_hd.o
    0x08000130   0x08000130   0x00000008   Code   RO         2579  * !!!main             c_w.l(__main.o)
    0x08000138   0x08000138   0x00000034   Code   RO         2981    !!!scatter          c_w.l(__scatter.o)
    0x0800016c   0x0800016c   0x00000064   Code   RO         2979    !!dclz77c           c_w.l(__dclz77c.o)
    0x080001d0   0x080001d0   0x0000001c   Code   RO         2983    !!handler_zi        c_w.l(__scatter_zi.o)
    0x080001ec   0x080001ec   0x00000000   Code   RO         2574    .ARM.Collect$$_printf_percent$$00000000  c_w.l(_printf_percent.o)
    0x080001ec   0x080001ec   0x00000006   Code   RO         2679    .ARM.Collect$$_printf_percent$$00000001  c_w.l(_printf_n.o)
    0x080001f2   0x080001f2   0x00000006   Code   RO         2680    .ARM.Collect$$_printf_percent$$00000002  c_w.l(_printf_p.o)
    0x080001f8   0x080001f8   0x00000006   Code   RO         2685    .ARM.Collect$$_printf_percent$$00000003  c_w.l(_printf_f.o)
    0x080001fe   0x080001fe   0x00000006   Code   RO         2686    .ARM.Collect$$_printf_percent$$00000004  c_w.l(_printf_e.o)
    0x08000204   0x08000204   0x00000006   Code   RO         2687    .ARM.Collect$$_printf_percent$$00000005  c_w.l(_printf_g.o)
    0x0800020a   0x0800020a   0x00000006   Code   RO         2688    .ARM.Collect$$_printf_percent$$00000006  c_w.l(_printf_a.o)
    0x08000210   0x08000210   0x0000000a   Code   RO         2693    .ARM.Collect$$_printf_percent$$00000007  c_w.l(_printf_ll.o)
    0x0800021a   0x0800021a   0x00000006   Code   RO         2682    .ARM.Collect$$_printf_percent$$00000008  c_w.l(_printf_i.o)
    0x08000220   0x08000220   0x00000006   Code   RO         2683    .ARM.Collect$$_printf_percent$$00000009  c_w.l(_printf_d.o)
    0x08000226   0x08000226   0x00000006   Code   RO         2684    .ARM.Collect$$_printf_percent$$0000000A  c_w.l(_printf_u.o)
    0x0800022c   0x0800022c   0x00000006   Code   RO         2681    .ARM.Collect$$_printf_percent$$0000000B  c_w.l(_printf_o.o)
    0x08000232   0x08000232   0x00000006   Code   RO         2573    .ARM.Collect$$_printf_percent$$0000000C  c_w.l(_printf_x.o)
    0x08000238   0x08000238   0x00000006   Code   RO         2690    .ARM.Collect$$_printf_percent$$0000000D  c_w.l(_printf_lli.o)
    0x0800023e   0x0800023e   0x00000006   Code   RO         2691    .ARM.Collect$$_printf_percent$$0000000E  c_w.l(_printf_lld.o)
    0x08000244   0x08000244   0x00000006   Code   RO         2692    .ARM.Collect$$_printf_percent$$0000000F  c_w.l(_printf_llu.o)
    0x0800024a   0x0800024a   0x00000006   Code   RO         2697    .ARM.Collect$$_printf_percent$$00000010  c_w.l(_printf_llo.o)
    0x08000250   0x08000250   0x00000006   Code   RO         2698    .ARM.Collect$$_printf_percent$$00000011  c_w.l(_printf_llx.o)
    0x08000256   0x08000256   0x0000000a   Code   RO         2694    .ARM.Collect$$_printf_percent$$00000012  c_w.l(_printf_l.o)
    0x08000260   0x08000260   0x00000006   Code   RO         2677    .ARM.Collect$$_printf_percent$$00000013  c_w.l(_printf_c.o)
    0x08000266   0x08000266   0x00000006   Code   RO         2678    .ARM.Collect$$_printf_percent$$00000014  c_w.l(_printf_s.o)
    0x0800026c   0x0800026c   0x00000006   Code   RO         2695    .ARM.Collect$$_printf_percent$$00000015  c_w.l(_printf_lc.o)
    0x08000272   0x08000272   0x00000006   Code   RO         2696    .ARM.Collect$$_printf_percent$$00000016  c_w.l(_printf_ls.o)
    0x08000278   0x08000278   0x00000004   Code   RO         2689    .ARM.Collect$$_printf_percent$$00000017  c_w.l(_printf_percent_end.o)
    0x0800027c   0x0800027c   0x00000002   Code   RO         2843    .ARM.Collect$$libinit$$00000000  c_w.l(libinit.o)
    0x0800027e   0x0800027e   0x00000000   Code   RO         2854    .ARM.Collect$$libinit$$00000002  c_w.l(libinit2.o)
    0x0800027e   0x0800027e   0x00000000   Code   RO         2856    .ARM.Collect$$libinit$$00000004  c_w.l(libinit2.o)
    0x0800027e   0x0800027e   0x00000000   Code   RO         2859    .ARM.Collect$$libinit$$0000000A  c_w.l(libinit2.o)
    0x0800027e   0x0800027e   0x00000000   Code   RO         2861    .ARM.Collect$$libinit$$0000000C  c_w.l(libinit2.o)
    0x0800027e   0x0800027e   0x00000000   Code   RO         2863    .ARM.Collect$$libinit$$0000000E  c_w.l(libinit2.o)
    0x0800027e   0x0800027e   0x00000006   Code   RO         2864    .ARM.Collect$$libinit$$0000000F  c_w.l(libinit2.o)
    0x08000284   0x08000284   0x00000000   Code   RO         2866    .ARM.Collect$$libinit$$00000011  c_w.l(libinit2.o)
    0x08000284   0x08000284   0x0000000c   Code   RO         2867    .ARM.Collect$$libinit$$00000012  c_w.l(libinit2.o)
    0x08000290   0x08000290   0x00000000   Code   RO         2868    .ARM.Collect$$libinit$$00000013  c_w.l(libinit2.o)
    0x08000290   0x08000290   0x00000000   Code   RO         2870    .ARM.Collect$$libinit$$00000015  c_w.l(libinit2.o)
    0x08000290   0x08000290   0x0000000a   Code   RO         2871    .ARM.Collect$$libinit$$00000016  c_w.l(libinit2.o)
    0x0800029a   0x0800029a   0x00000000   Code   RO         2872    .ARM.Collect$$libinit$$00000017  c_w.l(libinit2.o)
    0x0800029a   0x0800029a   0x00000000   Code   RO         2874    .ARM.Collect$$libinit$$00000019  c_w.l(libinit2.o)
    0x0800029a   0x0800029a   0x00000000   Code   RO         2876    .ARM.Collect$$libinit$$0000001B  c_w.l(libinit2.o)
    0x0800029a   0x0800029a   0x00000000   Code   RO         2878    .ARM.Collect$$libinit$$0000001D  c_w.l(libinit2.o)
    0x0800029a   0x0800029a   0x00000000   Code   RO         2880    .ARM.Collect$$libinit$$0000001F  c_w.l(libinit2.o)
    0x0800029a   0x0800029a   0x00000000   Code   RO         2882    .ARM.Collect$$libinit$$00000021  c_w.l(libinit2.o)
    0x0800029a   0x0800029a   0x00000000   Code   RO         2884    .ARM.Collect$$libinit$$00000023  c_w.l(libinit2.o)
    0x0800029a   0x0800029a   0x00000000   Code   RO         2886    .ARM.Collect$$libinit$$00000025  c_w.l(libinit2.o)
    0x0800029a   0x0800029a   0x00000000   Code   RO         2890    .ARM.Collect$$libinit$$0000002C  c_w.l(libinit2.o)
    0x0800029a   0x0800029a   0x00000000   Code   RO         2892    .ARM.Collect$$libinit$$0000002E  c_w.l(libinit2.o)
    0x0800029a   0x0800029a   0x00000000   Code   RO         2894    .ARM.Collect$$libinit$$00000030  c_w.l(libinit2.o)
    0x0800029a   0x0800029a   0x00000000   Code   RO         2896    .ARM.Collect$$libinit$$00000032  c_w.l(libinit2.o)
    0x0800029a   0x0800029a   0x00000002   Code   RO         2897    .ARM.Collect$$libinit$$00000033  c_w.l(libinit2.o)
    0x0800029c   0x0800029c   0x00000002   Code   RO         2919    .ARM.Collect$$libshutdown$$00000000  c_w.l(libshutdown.o)
    0x0800029e   0x0800029e   0x00000000   Code   RO         2929    .ARM.Collect$$libshutdown$$00000002  c_w.l(libshutdown2.o)
    0x0800029e   0x0800029e   0x00000000   Code   RO         2931    .ARM.Collect$$libshutdown$$00000004  c_w.l(libshutdown2.o)
    0x0800029e   0x0800029e   0x00000000   Code   RO         2933    .ARM.Collect$$libshutdown$$00000006  c_w.l(libshutdown2.o)
    0x0800029e   0x0800029e   0x00000000   Code   RO         2936    .ARM.Collect$$libshutdown$$00000009  c_w.l(libshutdown2.o)
    0x0800029e   0x0800029e   0x00000000   Code   RO         2939    .ARM.Collect$$libshutdown$$0000000C  c_w.l(libshutdown2.o)
    0x0800029e   0x0800029e   0x00000000   Code   RO         2941    .ARM.Collect$$libshutdown$$0000000E  c_w.l(libshutdown2.o)
    0x0800029e   0x0800029e   0x00000000   Code   RO         2944    .ARM.Collect$$libshutdown$$00000011  c_w.l(libshutdown2.o)
    0x0800029e   0x0800029e   0x00000002   Code   RO         2945    .ARM.Collect$$libshutdown$$00000012  c_w.l(libshutdown2.o)
    0x080002a0   0x080002a0   0x00000000   Code   RO         2645    .ARM.Collect$$rtentry$$00000000  c_w.l(__rtentry.o)
    0x080002a0   0x080002a0   0x00000000   Code   RO         2745    .ARM.Collect$$rtentry$$00000002  c_w.l(__rtentry2.o)
    0x080002a0   0x080002a0   0x00000006   Code   RO         2757    .ARM.Collect$$rtentry$$00000004  c_w.l(__rtentry4.o)
    0x080002a6   0x080002a6   0x00000000   Code   RO         2747    .ARM.Collect$$rtentry$$00000009  c_w.l(__rtentry2.o)
    0x080002a6   0x080002a6   0x00000004   Code   RO         2748    .ARM.Collect$$rtentry$$0000000A  c_w.l(__rtentry2.o)
    0x080002aa   0x080002aa   0x00000000   Code   RO         2750    .ARM.Collect$$rtentry$$0000000C  c_w.l(__rtentry2.o)
    0x080002aa   0x080002aa   0x00000008   Code   RO         2751    .ARM.Collect$$rtentry$$0000000D  c_w.l(__rtentry2.o)
    0x080002b2   0x080002b2   0x00000002   Code   RO         2848    .ARM.Collect$$rtexit$$00000000  c_w.l(rtexit.o)
    0x080002b4   0x080002b4   0x00000000   Code   RO         2901    .ARM.Collect$$rtexit$$00000002  c_w.l(rtexit2.o)
    0x080002b4   0x080002b4   0x00000004   Code   RO         2902    .ARM.Collect$$rtexit$$00000003  c_w.l(rtexit2.o)
    0x080002b8   0x080002b8   0x00000006   Code   RO         2903    .ARM.Collect$$rtexit$$00000004  c_w.l(rtexit2.o)
    0x080002be   0x080002be   0x00000002   PAD
    0x080002c0   0x080002c0   0x000011e0   Code   RO          705    .text               cr4_fft_1024_stm32.o
    0x080014a0   0x080014a0   0x00000040   Code   RO          892    .text               startup_stm32f10x_hd.o
    0x080014e0   0x080014e0   0x00000002   Code   RO         2522    .text               c_w.l(use_no_semi_2.o)
    0x080014e2   0x080014e2   0x00000002   PAD
    0x080014e4   0x080014e4   0x00000024   Code   RO         2524    .text               c_w.l(c89vsprintf.o)
    0x08001508   0x08001508   0x00000018   Code   RO         2526    .text               c_w.l(__2printf.o)
    0x08001520   0x08001520   0x00000094   Code   RO         2550    .text               c_w.l(_printf_hex_int_ll_ptr.o)
    0x080015b4   0x080015b4   0x00000188   Code   RO         2570    .text               c_w.l(__printf_flags_ss_wp.o)
    0x0800173c   0x0800173c   0x00000080   Code   RO         2575    .text               c_w.l(strcmpv7m.o)
    0x080017bc   0x080017bc   0x00000006   Code   RO         2577    .text               c_w.l(heapauxi.o)
    0x080017c2   0x080017c2   0x00000002   Code   RO         2643    .text               c_w.l(use_no_semi.o)
    0x080017c4   0x080017c4   0x00000016   Code   RO         2646    .text               c_w.l(_rserrno.o)
    0x080017da   0x080017da   0x0000004e   Code   RO         2648    .text               c_w.l(_printf_pad.o)
    0x08001828   0x08001828   0x00000024   Code   RO         2650    .text               c_w.l(_printf_truncate.o)
    0x0800184c   0x0800184c   0x00000052   Code   RO         2652    .text               c_w.l(_printf_str.o)
    0x0800189e   0x0800189e   0x000000b2   Code   RO         2654    .text               c_w.l(_printf_intcommon.o)
    0x08001950   0x08001950   0x00000078   Code   RO         2656    .text               c_w.l(_printf_dec.o)
    0x080019c8   0x080019c8   0x00000028   Code   RO         2658    .text               c_w.l(_printf_charcount.o)
    0x080019f0   0x080019f0   0x00000030   Code   RO         2660    .text               c_w.l(_printf_char_common.o)
    0x08001a20   0x08001a20   0x0000000a   Code   RO         2662    .text               c_w.l(_sputc.o)
    0x08001a2a   0x08001a2a   0x00000002   PAD
    0x08001a2c   0x08001a2c   0x00000024   Code   RO         2664    .text               c_w.l(_printf_char_file.o)
    0x08001a50   0x08001a50   0x000000bc   Code   RO         2666    .text               c_w.l(_printf_wctomb.o)
    0x08001b0c   0x08001b0c   0x0000007c   Code   RO         2669    .text               c_w.l(_printf_longlong_dec.o)
    0x08001b88   0x08001b88   0x00000070   Code   RO         2675    .text               c_w.l(_printf_oct_int_ll.o)
    0x08001bf8   0x08001bf8   0x00000008   Code   RO         2762    .text               c_w.l(rt_errno_addr_intlibspace.o)
    0x08001c00   0x08001c00   0x0000008a   Code   RO         2764    .text               c_w.l(lludiv10.o)
    0x08001c8a   0x08001c8a   0x0000041e   Code   RO         2766    .text               c_w.l(_printf_fp_dec.o)
    0x080020a8   0x080020a8   0x0000002c   Code   RO         2770    .text               c_w.l(_printf_char.o)
    0x080020d4   0x080020d4   0x0000002c   Code   RO         2772    .text               c_w.l(_printf_wchar.o)
    0x08002100   0x08002100   0x00000008   Code   RO         2774    .text               c_w.l(ferror.o)
    0x08002108   0x08002108   0x00000040   Code   RO         2778    .text               c_w.l(_wcrtomb.o)
    0x08002148   0x08002148   0x00000008   Code   RO         2794    .text               c_w.l(libspace.o)
    0x08002150   0x08002150   0x0000004a   Code   RO         2797    .text               c_w.l(sys_stackheap_outer.o)
    0x0800219a   0x0800219a   0x00000002   PAD
    0x0800219c   0x0800219c   0x00000010   Code   RO         2799    .text               c_w.l(rt_ctype_table.o)
    0x080021ac   0x080021ac   0x00000008   Code   RO         2804    .text               c_w.l(rt_locale_intlibspace.o)
    0x080021b4   0x080021b4   0x00000080   Code   RO         2806    .text               c_w.l(_printf_fp_infnan.o)
    0x08002234   0x08002234   0x000000e4   Code   RO         2808    .text               c_w.l(bigflt0.o)
    0x08002318   0x08002318   0x00000012   Code   RO         2836    .text               c_w.l(exit.o)
    0x0800232a   0x0800232a   0x0000003e   Code   RO         2811    CL$$btod_d2e        c_w.l(btod.o)
    0x08002368   0x08002368   0x00000046   Code   RO         2813    CL$$btod_d2e_denorm_low  c_w.l(btod.o)
    0x080023ae   0x080023ae   0x00000060   Code   RO         2812    CL$$btod_d2e_norm_op1  c_w.l(btod.o)
    0x0800240e   0x0800240e   0x00000338   Code   RO         2821    CL$$btod_div_common  c_w.l(btod.o)
    0x08002746   0x08002746   0x000000dc   Code   RO         2818    CL$$btod_e2e        c_w.l(btod.o)
    0x08002822   0x08002822   0x0000002a   Code   RO         2815    CL$$btod_ediv       c_w.l(btod.o)
    0x0800284c   0x0800284c   0x0000002a   Code   RO         2814    CL$$btod_emul       c_w.l(btod.o)
    0x08002876   0x08002876   0x00000244   Code   RO         2820    CL$$btod_mult_common  c_w.l(btod.o)
    0x08002aba   0x08002aba   0x00000016   Code   RO          938    i.ADC_Cmd           stm32f10x_adc.o
    0x08002ad0   0x08002ad0   0x00000016   Code   RO          939    i.ADC_DMACmd        stm32f10x_adc.o
    0x08002ae6   0x08002ae6   0x00000002   PAD
    0x08002ae8   0x08002ae8   0x0000005c   Code   RO          940    i.ADC_DeInit        stm32f10x_adc.o
    0x08002b44   0x08002b44   0x00000014   Code   RO          946    i.ADC_GetCalibrationStatus  stm32f10x_adc.o
    0x08002b58   0x08002b58   0x00000014   Code   RO          952    i.ADC_GetResetCalibrationStatus  stm32f10x_adc.o
    0x08002b6c   0x08002b6c   0x00000050   Code   RO          956    i.ADC_Init          stm32f10x_adc.o
    0x08002bbc   0x08002bbc   0x000000b8   Code   RO          960    i.ADC_RegularChannelConfig  stm32f10x_adc.o
    0x08002c74   0x08002c74   0x0000000a   Code   RO          961    i.ADC_ResetCalibration  stm32f10x_adc.o
    0x08002c7e   0x08002c7e   0x00000016   Code   RO          963    i.ADC_SoftwareStartConvCmd  stm32f10x_adc.o
    0x08002c94   0x08002c94   0x0000000a   Code   RO          965    i.ADC_StartCalibration  stm32f10x_adc.o
    0x08002c9e   0x08002c9e   0x00000002   PAD
    0x08002ca0   0x08002ca0   0x000000b4   Code   RO          362    i.Adc1_Init         adc.o
    0x08002d54   0x08002d54   0x00000098   Code   RO          363    i.Adc2_Init         adc.o
    0x08002dec   0x08002dec   0x0000000c   Code   RO          364    i.Adc_Init          adc.o
    0x08002df8   0x08002df8   0x00000038   Code   RO          391    i.BEEP_Init         beep.o
    0x08002e30   0x08002e30   0x00000004   Code   RO          238    i.BusFault_Handler  stm32f10x_it.o
    0x08002e34   0x08002e34   0x00000028   Code   RO         2388    i.DAC_Cmd           stm32f10x_dac.o
    0x08002e5c   0x08002e5c   0x00000034   Code   RO         2393    i.DAC_Init          stm32f10x_dac.o
    0x08002e90   0x08002e90   0x00000020   Code   RO         2394    i.DAC_SetChannel1Data  stm32f10x_dac.o
    0x08002eb0   0x08002eb0   0x0000005c   Code   RO            1    i.DMA1_Channel1_IRQHandler  main.o
    0x08002f0c   0x08002f0c   0x0000001c   Code   RO         1155    i.DMA_ClearITPendingBit  stm32f10x_dma.o
    0x08002f28   0x08002f28   0x00000018   Code   RO         1156    i.DMA_Cmd           stm32f10x_dma.o
    0x08002f40   0x08002f40   0x0000014c   Code   RO         1157    i.DMA_DeInit        stm32f10x_dma.o
    0x0800308c   0x0800308c   0x0000002c   Code   RO         1160    i.DMA_GetITStatus   stm32f10x_dma.o
    0x080030b8   0x080030b8   0x00000012   Code   RO         1161    i.DMA_ITConfig      stm32f10x_dma.o
    0x080030ca   0x080030ca   0x0000003c   Code   RO         1162    i.DMA_Init          stm32f10x_dma.o
    0x08003106   0x08003106   0x00000002   PAD
    0x08003108   0x08003108   0x0000005c   Code   RO          406    i.Dac1_Init         dac.o
    0x08003164   0x08003164   0x00000002   Code   RO          239    i.DebugMon_Handler  stm32f10x_it.o
    0x08003166   0x08003166   0x00000002   PAD
    0x08003168   0x08003168   0x0000013c   Code   RO            2    i.EXTI0_IRQHandler  main.o
    0x080032a4   0x080032a4   0x00000064   Code   RO            3    i.EXTI3_IRQHandler  main.o
    0x08003308   0x08003308   0x00000064   Code   RO            4    i.EXTI4_IRQHandler  main.o
    0x0800336c   0x0800336c   0x000000b0   Code   RO          644    i.EXTIX_Init        exti.o
    0x0800341c   0x0800341c   0x0000000c   Code   RO         2467    i.EXTI_ClearITPendingBit  stm32f10x_exti.o
    0x08003428   0x08003428   0x00000094   Code   RO         2472    i.EXTI_Init         stm32f10x_exti.o
    0x080034bc   0x080034bc   0x00000034   Code   RO         1731    i.FSMC_NORSRAMCmd   stm32f10x_fsmc.o
    0x080034f0   0x080034f0   0x000000e6   Code   RO         1733    i.FSMC_NORSRAMInit  stm32f10x_fsmc.o
    0x080035d6   0x080035d6   0x00000002   PAD
    0x080035d8   0x080035d8   0x00000040   Code   RO         1229    i.GPIO_EXTILineConfig  stm32f10x_gpio.o
    0x08003618   0x08003618   0x00000116   Code   RO         1232    i.GPIO_Init         stm32f10x_gpio.o
    0x0800372e   0x0800372e   0x00000012   Code   RO         1236    i.GPIO_ReadInputDataBit  stm32f10x_gpio.o
    0x08003740   0x08003740   0x00000004   Code   RO         1239    i.GPIO_ResetBits    stm32f10x_gpio.o
    0x08003744   0x08003744   0x00000004   Code   RO         1240    i.GPIO_SetBits      stm32f10x_gpio.o
    0x08003748   0x08003748   0x000000f0   Code   RO            5    i.GetPowerMag       main.o
    0x08003838   0x08003838   0x00000004   Code   RO          240    i.HardFault_Handler  stm32f10x_it.o
    0x0800383c   0x0800383c   0x00000024   Code   RO          709    i.IC_GetDuty        ic.o
    0x08003860   0x08003860   0x0000001c   Code   RO          710    i.IC_GetFreq        ic.o
    0x0800387c   0x0800387c   0x00000078   Code   RO            6    i.InitBufInArray    main.o
    0x080038f4   0x080038f4   0x0000003c   Code   RO          686    i.KEY_Init          key.o
    0x08003930   0x08003930   0x0000006c   Code   RO          435    i.LCD_Clear         lcd.o
    0x0800399c   0x0800399c   0x000001c0   Code   RO          439    i.LCD_Display_Dir   lcd.o
    0x08003b5c   0x08003b5c   0x000000b0   Code   RO          440    i.LCD_DrawLine      lcd.o
    0x08003c0c   0x08003c0c   0x00000024   Code   RO          441    i.LCD_DrawPoint     lcd.o
    0x08003c30   0x08003c30   0x0000017c   Code   RO          444    i.LCD_Fast_DrawPoint  lcd.o
    0x08003dac   0x08003dac   0x0000376c   Code   RO          446    i.LCD_Init          lcd.o
    0x08007518   0x08007518   0x00000016   Code   RO          447    i.LCD_Pow           lcd.o
    0x0800752e   0x0800752e   0x00000002   PAD
    0x08007530   0x08007530   0x00000014   Code   RO          448    i.LCD_RD_DATA       lcd.o
    0x08007544   0x08007544   0x00000016   Code   RO          450    i.LCD_ReadReg       lcd.o
    0x0800755a   0x0800755a   0x00000002   PAD
    0x0800755c   0x0800755c   0x00000054   Code   RO          451    i.LCD_SSD_BackLightSet  lcd.o
    0x080075b0   0x080075b0   0x000002ec   Code   RO          452    i.LCD_Scan_Dir      lcd.o
    0x0800789c   0x0800789c   0x000001a8   Code   RO          453    i.LCD_SetCursor     lcd.o
    0x08007a44   0x08007a44   0x00000128   Code   RO          455    i.LCD_ShowChar      lcd.o
    0x08007b6c   0x08007b6c   0x00000094   Code   RO          456    i.LCD_ShowNum       lcd.o
    0x08007c00   0x08007c00   0x00000066   Code   RO          457    i.LCD_ShowString    lcd.o
    0x08007c66   0x08007c66   0x00000002   PAD
    0x08007c68   0x08007c68   0x0000000c   Code   RO          459    i.LCD_WR_DATA       lcd.o
    0x08007c74   0x08007c74   0x0000000c   Code   RO          460    i.LCD_WR_REG        lcd.o
    0x08007c80   0x08007c80   0x00000014   Code   RO          462    i.LCD_WriteRAM_Prepare  lcd.o
    0x08007c94   0x08007c94   0x00000010   Code   RO          463    i.LCD_WriteReg      lcd.o
    0x08007ca4   0x08007ca4   0x0000004c   Code   RO          674    i.LED_Init          led.o
    0x08007cf0   0x08007cf0   0x0000007c   Code   RO          418    i.MYDMA1_Config     dma.o
    0x08007d6c   0x08007d6c   0x00000004   Code   RO          241    i.MemManage_Handler  stm32f10x_it.o
    0x08007d70   0x08007d70   0x00000002   Code   RO          242    i.NMI_Handler       stm32f10x_it.o
    0x08007d72   0x08007d72   0x00000002   PAD
    0x08007d74   0x08007d74   0x00000070   Code   RO          896    i.NVIC_Init         misc.o
    0x08007de4   0x08007de4   0x00000014   Code   RO          897    i.NVIC_PriorityGroupConfig  misc.o
    0x08007df8   0x08007df8   0x00000002   Code   RO          243    i.PendSV_Handler    stm32f10x_it.o
    0x08007dfa   0x08007dfa   0x00000002   PAD
    0x08007dfc   0x08007dfc   0x00000018   Code   RO         1340    i.RCC_ADCCLKConfig  stm32f10x_rcc.o
    0x08007e14   0x08007e14   0x00000020   Code   RO         1341    i.RCC_AHBPeriphClockCmd  stm32f10x_rcc.o
    0x08007e34   0x08007e34   0x00000020   Code   RO         1342    i.RCC_APB1PeriphClockCmd  stm32f10x_rcc.o
    0x08007e54   0x08007e54   0x00000020   Code   RO         1344    i.RCC_APB2PeriphClockCmd  stm32f10x_rcc.o
    0x08007e74   0x08007e74   0x00000020   Code   RO         1345    i.RCC_APB2PeriphResetCmd  stm32f10x_rcc.o
    0x08007e94   0x08007e94   0x000000d4   Code   RO         1352    i.RCC_GetClocksFreq  stm32f10x_rcc.o
    0x08007f68   0x08007f68   0x00000002   Code   RO          244    i.SVC_Handler       stm32f10x_it.o
    0x08007f6a   0x08007f6a   0x00000024   Code   RO          762    i.Serial_Printf     usart.o
    0x08007f8e   0x08007f8e   0x00000002   PAD
    0x08007f90   0x08007f90   0x00000020   Code   RO          764    i.Serial_SendByte   usart.o
    0x08007fb0   0x08007fb0   0x0000001a   Code   RO          766    i.Serial_SendString  usart.o
    0x08007fca   0x08007fca   0x00000008   Code   RO          327    i.SetSysClock       system_stm32f10x.o
    0x08007fd2   0x08007fd2   0x00000002   PAD
    0x08007fd4   0x08007fd4   0x000000e0   Code   RO          328    i.SetSysClockTo72   system_stm32f10x.o
    0x080080b4   0x080080b4   0x00000028   Code   RO          900    i.SysTick_CLKSourceConfig  misc.o
    0x080080dc   0x080080dc   0x00000002   Code   RO          245    i.SysTick_Handler   stm32f10x_it.o
    0x080080de   0x080080de   0x00000002   PAD
    0x080080e0   0x080080e0   0x00000060   Code   RO          330    i.SystemInit        system_stm32f10x.o
    0x08008140   0x08008140   0x00000088   Code   RO          656    i.TIM2_PWM_Init     timer.o
    0x080081c8   0x080081c8   0x00000020   Code   RO            7    i.TIM3_IRQHandler   main.o
    0x080081e8   0x080081e8   0x00000068   Code   RO          657    i.TIM3_Int_Init     timer.o
    0x08008250   0x08008250   0x00000006   Code   RO         1851    i.TIM_ClearITPendingBit  stm32f10x_tim.o
    0x08008256   0x08008256   0x00000018   Code   RO         1856    i.TIM_Cmd           stm32f10x_tim.o
    0x0800826e   0x0800826e   0x0000001e   Code   RO         1858    i.TIM_CtrlPWMOutputs  stm32f10x_tim.o
    0x0800828c   0x0800828c   0x00000006   Code   RO         1871    i.TIM_GetCapture1   stm32f10x_tim.o
    0x08008292   0x08008292   0x00000006   Code   RO         1872    i.TIM_GetCapture2   stm32f10x_tim.o
    0x08008298   0x08008298   0x00000022   Code   RO         1877    i.TIM_GetITStatus   stm32f10x_tim.o
    0x080082ba   0x080082ba   0x00000012   Code   RO         1881    i.TIM_ITConfig      stm32f10x_tim.o
    0x080082cc   0x080082cc   0x000000a4   Code   RO         1890    i.TIM_OC2Init       stm32f10x_tim.o
    0x08008370   0x08008370   0x00000006   Code   RO         1905    i.TIM_PrescalerConfig  stm32f10x_tim.o
    0x08008376   0x08008376   0x00000012   Code   RO         1913    i.TIM_SelectOutputTrigger  stm32f10x_tim.o
    0x08008388   0x08008388   0x000000a4   Code   RO         1927    i.TIM_TimeBaseInit  stm32f10x_tim.o
    0x0800842c   0x0800842c   0x00000098   Code   RO          767    i.USART1_IRQHandler  usart.o
    0x080084c4   0x080084c4   0x00000018   Code   RO         1544    i.USART_Cmd         stm32f10x_usart.o
    0x080084dc   0x080084dc   0x0000001a   Code   RO         1547    i.USART_GetFlagStatus  stm32f10x_usart.o
    0x080084f6   0x080084f6   0x00000054   Code   RO         1548    i.USART_GetITStatus  stm32f10x_usart.o
    0x0800854a   0x0800854a   0x0000004a   Code   RO         1550    i.USART_ITConfig    stm32f10x_usart.o
    0x08008594   0x08008594   0x000000d8   Code   RO         1551    i.USART_Init        stm32f10x_usart.o
    0x0800866c   0x0800866c   0x0000000a   Code   RO         1558    i.USART_ReceiveData  stm32f10x_usart.o
    0x08008676   0x08008676   0x00000008   Code   RO         1561    i.USART_SendData    stm32f10x_usart.o
    0x0800867e   0x0800867e   0x00000004   Code   RO          246    i.UsageFault_Handler  stm32f10x_it.o
    0x08008682   0x08008682   0x00000028   Code   RO         2790    i.__ARM_fpclassify  m_ws.l(fpclassify.o)
    0x080086aa   0x080086aa   0x00000002   PAD
    0x080086ac   0x080086ac   0x00000388   Code   RO         2733    i.__ieee754_rem_pio2  m_ws.l(rred.o)
    0x08008a34   0x08008a34   0x000000fc   Code   RO         2716    i.__kernel_cos      m_ws.l(cos_i.o)
    0x08008b30   0x08008b30   0x000000aa   Code   RO         2792    i.__kernel_poly     m_ws.l(poly.o)
    0x08008bda   0x08008bda   0x00000002   PAD
    0x08008bdc   0x08008bdc   0x000000ec   Code   RO         2738    i.__kernel_sin      m_ws.l(sin_i.o)
    0x08008cc8   0x08008cc8   0x00000006   Code   RO         2720    i.__mathlib_dbl_infnan  m_ws.l(dunder.o)
    0x08008cce   0x08008cce   0x0000000c   Code   RO         2722    i.__mathlib_dbl_invalid  m_ws.l(dunder.o)
    0x08008cda   0x08008cda   0x00000002   PAD
    0x08008cdc   0x08008cdc   0x00000010   Code   RO         2725    i.__mathlib_dbl_underflow  m_ws.l(dunder.o)
    0x08008cec   0x08008cec   0x0000000e   Code   RO         2563    i._is_digit         c_w.l(__printf_wp.o)
    0x08008cfa   0x08008cfa   0x00000006   Code   RO          768    i._sys_exit         usart.o
    0x08008d00   0x08008d00   0x000001c8   Code   RO            8    i.clear_point       main.o
    0x08008ec8   0x08008ec8   0x00000044   Code   RO          733    i.delay_init        delay.o
    0x08008f0c   0x08008f0c   0x0000004c   Code   RO          734    i.delay_ms          delay.o
    0x08008f58   0x08008f58   0x0000004c   Code   RO          735    i.delay_us          delay.o
    0x08008fa4   0x08008fa4   0x0000001c   Code   RO          769    i.fputc             usart.o
    0x08008fc0   0x08008fc0   0x00000018   Code   RO            9    i.lcd_huadian       main.o
    0x08008fd8   0x08008fd8   0x00000024   Code   RO           10    i.lcd_huaxian       main.o
    0x08008ffc   0x08008ffc   0x00000290   Code   RO           11    i.main              main.o
    0x0800928c   0x0800928c   0x000000a0   Code   RO         2628    i.sin               m_ws.l(sin.o)
    0x0800932c   0x0800932c   0x00000034   Code   RO           12    i.sinout            main.o
    0x08009360   0x08009360   0x0000004c   Code   RO         2636    i.sqrt              m_ws.l(sqrt.o)
    0x080093ac   0x080093ac   0x000000a0   Code   RO          770    i.uart_init         usart.o
    0x0800944c   0x0800944c   0x00000280   Code   RO           13    i.window            main.o
    0x080096cc   0x080096cc   0x0000002c   Code   RO         2834    locale$$code        c_w.l(lc_numeric_c.o)
    0x080096f8   0x080096f8   0x0000002c   Code   RO         2851    locale$$code        c_w.l(lc_ctype_c.o)
    0x08009724   0x08009724   0x00000062   Code   RO         2581    x$fpl$d2f           fz_ws.l(d2f.o)
    0x08009786   0x08009786   0x00000002   PAD
    0x08009788   0x08009788   0x00000150   Code   RO         2583    x$fpl$dadd          fz_ws.l(daddsub_clz.o)
    0x080098d8   0x080098d8   0x00000010   Code   RO         2844    x$fpl$dcheck1       fz_ws.l(dcheck1.o)
    0x080098e8   0x080098e8   0x000002b0   Code   RO         2590    x$fpl$ddiv          fz_ws.l(ddiv.o)
    0x08009b98   0x08009b98   0x0000005e   Code   RO         2782    x$fpl$dfix          fz_ws.l(dfix.o)
    0x08009bf6   0x08009bf6   0x00000002   PAD
    0x08009bf8   0x08009bf8   0x0000005a   Code   RO         2593    x$fpl$dfixu         fz_ws.l(dfixu.o)
    0x08009c52   0x08009c52   0x0000002e   Code   RO         2598    x$fpl$dflt          fz_ws.l(dflt_clz.o)
    0x08009c80   0x08009c80   0x00000026   Code   RO         2597    x$fpl$dfltu         fz_ws.l(dflt_clz.o)
    0x08009ca6   0x08009ca6   0x00000002   PAD
    0x08009ca8   0x08009ca8   0x00000154   Code   RO         2603    x$fpl$dmul          fz_ws.l(dmul.o)
    0x08009dfc   0x08009dfc   0x0000009c   Code   RO         2701    x$fpl$dnaninf       fz_ws.l(dnaninf.o)
    0x08009e98   0x08009e98   0x0000000c   Code   RO         2703    x$fpl$dretinf       fz_ws.l(dretinf.o)
    0x08009ea4   0x08009ea4   0x00000016   Code   RO         2584    x$fpl$drsb          fz_ws.l(daddsub_clz.o)
    0x08009eba   0x08009eba   0x00000002   PAD
    0x08009ebc   0x08009ebc   0x000001cc   Code   RO         2705    x$fpl$dsqrt         fz_ws.l(dsqrt_noumaal.o)
    0x0800a088   0x0800a088   0x000001d4   Code   RO         2585    x$fpl$dsub          fz_ws.l(daddsub_clz.o)
    0x0800a25c   0x0800a25c   0x00000056   Code   RO         2605    x$fpl$f2d           fz_ws.l(f2d.o)
    0x0800a2b2   0x0800a2b2   0x00000002   PAD
    0x0800a2b4   0x0800a2b4   0x000000c4   Code   RO         2607    x$fpl$fadd          fz_ws.l(faddsub_clz.o)
    0x0800a378   0x0800a378   0x00000018   Code   RO         2786    x$fpl$fcmpinf       fz_ws.l(fcmpi.o)
    0x0800a390   0x0800a390   0x0000003e   Code   RO         2613    x$fpl$ffixu         fz_ws.l(ffixu.o)
    0x0800a3ce   0x0800a3ce   0x00000002   PAD
    0x0800a3d0   0x0800a3d0   0x00000030   Code   RO         2618    x$fpl$fflt          fz_ws.l(fflt_clz.o)
    0x0800a400   0x0800a400   0x00000068   Code   RO         2707    x$fpl$fleqf         fz_ws.l(fleqf.o)
    0x0800a468   0x0800a468   0x00000102   Code   RO         2623    x$fpl$fmul          fz_ws.l(fmul.o)
    0x0800a56a   0x0800a56a   0x0000008c   Code   RO         2709    x$fpl$fnaninf       fz_ws.l(fnaninf.o)
    0x0800a5f6   0x0800a5f6   0x0000000a   Code   RO         2711    x$fpl$fretinf       fz_ws.l(fretinf.o)
    0x0800a600   0x0800a600   0x00000062   Code   RO         2625    x$fpl$frleqf        fz_ws.l(frleqf.o)
    0x0800a662   0x0800a662   0x00000002   PAD
    0x0800a664   0x0800a664   0x000000ea   Code   RO         2609    x$fpl$fsub          fz_ws.l(faddsub_clz.o)
    0x0800a74e   0x0800a74e   0x00000004   Code   RO         2713    x$fpl$printf1       fz_ws.l(printf1.o)
    0x0800a752   0x0800a752   0x00000064   Code   RO         2898    x$fpl$retnan        fz_ws.l(retnan.o)
    0x0800a7b6   0x0800a7b6   0x0000005c   Code   RO         2788    x$fpl$scalbn        fz_ws.l(scalbn.o)
    0x0800a812   0x0800a812   0x00000030   Code   RO         2911    x$fpl$trapveneer    fz_ws.l(trapv.o)
    0x0800a842   0x0800a842   0x00000000   Code   RO         2715    x$fpl$usenofp       fz_ws.l(usenofp.o)
    0x0800a842   0x0800a842   0x000017c0   Data   RO          466    .constdata          lcd.o
    0x0800c002   0x0800c002   0x00000028   Data   RO         2551    .constdata          c_w.l(_printf_hex_int_ll_ptr.o)
    0x0800c02a   0x0800c02a   0x00000011   Data   RO         2571    .constdata          c_w.l(__printf_flags_ss_wp.o)
    0x0800c03b   0x0800c03b   0x00000001   PAD
    0x0800c03c   0x0800c03c   0x00000008   Data   RO         2667    .constdata          c_w.l(_printf_wctomb.o)
    0x0800c044   0x0800c044   0x00000004   PAD
    0x0800c048   0x0800c048   0x00000030   Data   RO         2717    .constdata          m_ws.l(cos_i.o)
    0x0800c078   0x0800c078   0x000000c8   Data   RO         2735    .constdata          m_ws.l(rred.o)
    0x0800c140   0x0800c140   0x00000028   Data   RO         2739    .constdata          m_ws.l(sin_i.o)
    0x0800c168   0x0800c168   0x00000094   Data   RO         2809    .constdata          c_w.l(bigflt0.o)
    0x0800c1fc   0x0800c1fc   0x00000020   Data   RO         2977    Region$$Table       anon$$obj.o
    0x0800c21c   0x0800c21c   0x0000001c   Data   RO         2833    locale$$data        c_w.l(lc_numeric_c.o)
    0x0800c238   0x0800c238   0x00000110   Data   RO         2850    locale$$data        c_w.l(lc_ctype_c.o)


    Execution Region RW_IRAM1 (Exec base: 0x20000000, Load base: 0x0800c348, Size: 0x00005750, Max: 0x00010000, ABSOLUTE, COMPRESSED[0x00000c50])

    Exec Addr    Load Addr    Size         Type   Attr      Idx    E Section Name        Object

    0x20000000   COMPRESSED   0x00001040   Data   RW           15    .data               main.o
    0x20001040   COMPRESSED   0x00000014   Data   RW          331    .data               system_stm32f10x.o
    0x20001054   COMPRESSED   0x00000004   Data   RW          467    .data               lcd.o
    0x20001058   COMPRESSED   0x00000004   Data   RW          736    .data               delay.o
    0x2000105c   COMPRESSED   0x0000000a   Data   RW          772    .data               usart.o
    0x20001066   COMPRESSED   0x00000014   Data   RW         1372    .data               stm32f10x_rcc.o
    0x2000107a   COMPRESSED   0x00000002   PAD
    0x2000107c        -       0x00004000   Zero   RW           14    .bss                main.o
    0x2000507c        -       0x0000000e   Zero   RW          465    .bss                lcd.o
    0x2000508a        -       0x00000064   Zero   RW          771    .bss                usart.o
    0x200050ee   COMPRESSED   0x00000002   PAD
    0x200050f0        -       0x00000060   Zero   RW         2795    .bss                c_w.l(libspace.o)
    0x20005150        -       0x00000200   Zero   RW          890    HEAP                startup_stm32f10x_hd.o
    0x20005350        -       0x00000400   Zero   RW          889    STACK               startup_stm32f10x_hd.o


==============================================================================

Image component sizes


      Code (inc. data)   RO Data    RW Data    ZI Data      Debug   Object Name

       344         22          0          0          0       1559   adc.o
        56          6          0          0          0        452   beep.o
      4576       4080          0          0          0        356   cr4_fft_1024_stm32.o
        92          6          0          0          0        536   dac.o
       220         26          0          4          0       1559   delay.o
       124          4          0          0          0       1040   dma.o
       176          0          0          0          0        581   exti.o
        64         16          0          0          0        842   ic.o
        60          8          0          0          0        455   key.o
     17262        192       6080          4         14      22386   lcd.o
        76          8          0          0          0        459   led.o
      2864        500          0       4160      16384     294780   main.o
       172         22          0          0          0       1889   misc.o
        64         26        304          0       1536        764   startup_stm32f10x_hd.o
       482         24          0          0          0       7518   stm32f10x_adc.o
       124         18          0          0          0       2243   stm32f10x_dac.o
       506         26          0          0          0       4855   stm32f10x_dma.o
       160         12          0          0          0       1377   stm32f10x_exti.o
       282          6          0          0          0       1689   stm32f10x_fsmc.o
       368          4          0          0          0       4034   stm32f10x_gpio.o
        26          0          0          0          0       3334   stm32f10x_it.o
       364         50          0         20          0       5794   stm32f10x_rcc.o
       476         52          0          0          0       6553   stm32f10x_tim.o
       442          6          0          0          0       5849   stm32f10x_usart.o
       328         28          0         20          0       1877   system_stm32f10x.o
       240         10          0          0          0       1328   timer.o
       440         38          0         10        100       6252   usart.o

    ----------------------------------------------------------------------
     30414       5190       6416       4220      18036     380361   Object Totals
         0          0         32          0          0          0   (incl. Generated)
        26          0          0          2          2          0   (incl. Padding)

    ----------------------------------------------------------------------

      Code (inc. data)   RO Data    RW Data    ZI Data      Debug   Library Member Name

        24          4          0          0          0         84   __2printf.o
       100          0          0          0          0          0   __dclz77c.o
         8          0          0          0          0         68   __main.o
       392          4         17          0          0         92   __printf_flags_ss_wp.o
        14          0          0          0          0         68   __printf_wp.o
         0          0          0          0          0          0   __rtentry.o
        12          0          0          0          0          0   __rtentry2.o
         6          0          0          0          0          0   __rtentry4.o
        52          8          0          0          0          0   __scatter.o
        28          0          0          0          0          0   __scatter_zi.o
         6          0          0          0          0          0   _printf_a.o
         6          0          0          0          0          0   _printf_c.o
        44          0          0          0          0        108   _printf_char.o
        48          6          0          0          0         96   _printf_char_common.o
        36          4          0          0          0         80   _printf_char_file.o
        40          0          0          0          0         68   _printf_charcount.o
         6          0          0          0          0          0   _printf_d.o
       120         16          0          0          0         92   _printf_dec.o
         6          0          0          0          0          0   _printf_e.o
         6          0          0          0          0          0   _printf_f.o
      1054          0          0          0          0        216   _printf_fp_dec.o
       128         16          0          0          0         84   _printf_fp_infnan.o
         6          0          0          0          0          0   _printf_g.o
       148          4         40          0          0        160   _printf_hex_int_ll_ptr.o
         6          0          0          0          0          0   _printf_i.o
       178          0          0          0          0         88   _printf_intcommon.o
        10          0          0          0          0          0   _printf_l.o
         6          0          0          0          0          0   _printf_lc.o
        10          0          0          0          0          0   _printf_ll.o
         6          0          0          0          0          0   _printf_lld.o
         6          0          0          0          0          0   _printf_lli.o
         6          0          0          0          0          0   _printf_llo.o
         6          0          0          0          0          0   _printf_llu.o
         6          0          0          0          0          0   _printf_llx.o
       124         16          0          0          0         92   _printf_longlong_dec.o
         6          0          0          0          0          0   _printf_ls.o
         6          0          0          0          0          0   _printf_n.o
         6          0          0          0          0          0   _printf_o.o
       112         10          0          0          0        124   _printf_oct_int_ll.o
         6          0          0          0          0          0   _printf_p.o
        78          0          0          0          0        108   _printf_pad.o
         0          0          0          0          0          0   _printf_percent.o
         4          0          0          0          0          0   _printf_percent_end.o
         6          0          0          0          0          0   _printf_s.o
        82          0          0          0          0         80   _printf_str.o
        36          0          0          0          0         84   _printf_truncate.o
         6          0          0          0          0          0   _printf_u.o
        44          0          0          0          0        108   _printf_wchar.o
       188          6          8          0          0         92   _printf_wctomb.o
         6          0          0          0          0          0   _printf_x.o
        22          0          0          0          0        100   _rserrno.o
        10          0          0          0          0         68   _sputc.o
        64          0          0          0          0         92   _wcrtomb.o
       228          4        148          0          0         96   bigflt0.o
      1936        128          0          0          0        672   btod.o
        36          4          0          0          0         76   c89vsprintf.o
        18          0          0          0          0         80   exit.o
         8          0          0          0          0         68   ferror.o
         6          0          0          0          0        152   heapauxi.o
        44         10        272          0          0         76   lc_ctype_c.o
        44         10         28          0          0         76   lc_numeric_c.o
         2          0          0          0          0          0   libinit.o
        30          0          0          0          0          0   libinit2.o
         2          0          0          0          0          0   libshutdown.o
         2          0          0          0          0          0   libshutdown2.o
         8          4          0          0         96         68   libspace.o
       138          0          0          0          0         80   lludiv10.o
        16          4          0          0          0         76   rt_ctype_table.o
         8          4          0          0          0         68   rt_errno_addr_intlibspace.o
         8          4          0          0          0         68   rt_locale_intlibspace.o
         2          0          0          0          0          0   rtexit.o
        10          0          0          0          0          0   rtexit2.o
       128          0          0          0          0         68   strcmpv7m.o
        74          0          0          0          0         80   sys_stackheap_outer.o
         2          0          0          0          0         68   use_no_semi.o
         2          0          0          0          0         68   use_no_semi_2.o
        98          4          0          0          0         92   d2f.o
       826         16          0          0          0        348   daddsub_clz.o
        16          4          0          0          0         68   dcheck1.o
       688        140          0          0          0        208   ddiv.o
        94          4          0          0          0         92   dfix.o
        90          4          0          0          0         92   dfixu.o
        84          0          0          0          0        136   dflt_clz.o
       340         12          0          0          0        104   dmul.o
       156          4          0          0          0         92   dnaninf.o
        12          0          0          0          0         68   dretinf.o
       460         56          0          0          0        120   dsqrt_noumaal.o
        86          4          0          0          0         84   f2d.o
       430          8          0          0          0        168   faddsub_clz.o
        24          0          0          0          0         68   fcmpi.o
        62          4          0          0          0         84   ffixu.o
        48          0          0          0          0         68   fflt_clz.o
       104          4          0          0          0         84   fleqf.o
       258          4          0          0          0         84   fmul.o
       140          4          0          0          0         84   fnaninf.o
        10          0          0          0          0         68   fretinf.o
        98          0          0          0          0         68   frleqf.o
         4          0          0          0          0         68   printf1.o
       100          0          0          0          0         68   retnan.o
        92          0          0          0          0         68   scalbn.o
        48          0          0          0          0         68   trapv.o
         0          0          0          0          0          0   usenofp.o
       252         22         48          0          0        124   cos_i.o
        34          6          0          0          0        204   dunder.o
        40          0          0          0          0         68   fpclassify.o
       170          0          0          0          0         96   poly.o
       904         76        200          0          0        140   rred.o
       160         10          0          0          0        108   sin.o
       236         12         40          0          0        128   sin_i.o
        76          0          0          0          0         84   sqrt.o

    ----------------------------------------------------------------------
     12356        664        806          0         96       7696   Library Totals
        28          0          5          0          0          0   (incl. Padding)

    ----------------------------------------------------------------------

      Code (inc. data)   RO Data    RW Data    ZI Data      Debug   Library Name

      6088        266        513          0         96       4192   c_w.l
      4368        272          0          0          0       2552   fz_ws.l
      1872        126        288          0          0        952   m_ws.l

    ----------------------------------------------------------------------
     12356        664        806          0         96       7696   Library Totals

    ----------------------------------------------------------------------

==============================================================================


      Code (inc. data)   RO Data    RW Data    ZI Data      Debug   

     42770       5854       7222       4220      18132     377653   Grand Totals
     42770       5854       7222       3152      18132     377653   ELF Image Totals (compressed)
     42770       5854       7222       3152          0          0   ROM Totals

==============================================================================

    Total RO  Size (Code + RO Data)                49992 (  48.82kB)
    Total RW  Size (RW Data + ZI Data)             22352 (  21.83kB)
    Total ROM Size (Code + RO Data + RW Data)      53144 (  51.90kB)

==============================================================================

