<html>
<body>
<pre>
<h1>µVision Build Log</h1>
<h2>Tool Versions:</h2>
IDE-Version: ¦ÌVision V5.33.0.0
Copyright (C) 2020 ARM Ltd and ARM Germany GmbH. All rights reserved.
License Information: upon UPON, upon, LIC=GMZI6-DKT20-9U24U-SWYLI-8TH58-M63FY
 
Tool Versions:
Toolchain:       MDK-ARM Plus  Version: 5.33.0.0
Toolchain Path:  D:\EmbeddedEnv\keil\ARM\ARMCC\Bin
C Compiler:      Armcc.exe V5.06 update 7 (build 960)
Assembler:       Armasm.exe V5.06 update 7 (build 960)
Linker/Locator:  ArmLink.exe V5.06 update 7 (build 960)
Library Manager: ArmAr.exe V5.06 update 7 (build 960)
Hex Converter:   FromElf.exe V5.06 update 7 (build 960)
CPU DLL:         SARMCM3.DLL V5.33.0.0
Dialog DLL:      DCM.DLL V1.17.3.0
Target DLL:      STLink\ST-LINKIII-KEIL_SWO.dll V3.0.8.0
Dialog DLL:      TCM.DLL V1.48.0.0
 
<h2>Project:</h2>
E:\Homework\stm32\1\USER\Oscilloscope.uvprojx
Project File Date:  12/24/2023

<h2>Output:</h2>
*** Using Compiler 'V5.06 update 7 (build 960)', folder: 'D:\EmbeddedEnv\keil\ARM\ARMCC\Bin'
Build target 'Target 1'
assembling cr4_fft_1024_stm32.s...
compiling main.c...
main.c(136): warning:  #223-D: function "strcmp" declared implicitly
  			if (strcmp(Serial_RxPacket, "F+") == 0)
main.c: 1 warning, 0 errors
compiling led.c...
compiling IC.c...
..\HARDWARE\IC\IC.c(50): warning:  #1-D: last line of file ends without a newline
  }
..\HARDWARE\IC\IC.c: 1 warning, 0 errors
compiling dma.c...
compiling beep.c...
compiling timer.c...
compiling delay.c...
compiling key.c...
compiling dac.c...
compiling adc.c...
compiling stm32f10x_it.c...
compiling exti.c...
compiling usart.c...
compiling system_stm32f10x.c...
assembling startup_stm32f10x_hd.s...
compiling lcd.c...
compiling core_cm3.c...
compiling sys.c...
compiling misc.c...
compiling stm32f10x_dma.c...
compiling stm32f10x_gpio.c...
compiling stm32f10x_adc.c...
compiling stm32f10x_exti.c...
compiling stm32f10x_dac.c...
compiling stm32f10x_usart.c...
compiling stm32f10x_rcc.c...
compiling stm32f10x_fsmc.c...
compiling stm32f10x_tim.c...
linking...
Program Size: Code=42770 RO-data=7222 RW-data=4220 ZI-data=18132  
FromELF: creating hex file...
".\Objects\¼òÒ×Ê¾²¨Æ÷.axf" - 0 Error(s), 2 Warning(s).

<h2>Software Packages used:</h2>

Package Vendor: Keil
                http://www.keil.com/pack/Keil.STM32F1xx_DFP.2.3.0.pack
                Keil.STM32F1xx_DFP.2.3.0
                STMicroelectronics STM32F1 Series Device Support, Drivers and Examples

<h2>Collection of Component include folders:</h2>
  D:\EmbeddedEnv\keil_pack\Keil\STM32F1xx_DFP\2.3.0\Device\Include

<h2>Collection of Component Files used:</h2>
Build Time Elapsed:  00:00:01
</pre>
</body>
</html>
